<?xml version="1.0" encoding="ISO-8859-1" ?>
<link_info>
   <banner>TI ARM Clang Linker PC v4.0.3.LTS</banner>
   <copyright>Copyright (c) 1996-2018 Texas Instruments Incorporated</copyright>
   <command_line>C:\ti\ccs2020\ccs\tools\compiler\ti-cgt-armllvm_4.0.3.LTS\bin\tiarmlnk -IC:\ti\ccs2020\ccs\tools\compiler\ti-cgt-armllvm_4.0.3.LTS\lib -o TI_general.out -mTI_general.map -iD:/ti/M0_SDK/mspm0_sdk_2_04_00_06/source -iD:/PROJECTS/ElecDsinCpet/DianaSai-Control/UploadProjLib/ti_generalctrl/TI_general -iD:/PROJECTS/ElecDsinCpet/DianaSai-Control/UploadProjLib/ti_generalctrl/TI_general/Debug/syscfg -iC:/ti/ccs2020/ccs/tools/compiler/ti-cgt-armllvm_4.0.3.LTS/lib --diag_wrap=off --display_error_number --warn_sections --xml_link_info=TI_general_linkInfo.xml --rom_model ./empty.o ./ti_msp_dl_config.o ./startup_mspm0g350x_ticlang.o ./Hardwares/Motor.o ./task/Interrupt.o ./task/task.o ./tools/PID.o ./tools/delay.o ./tools/drv_math.o -l./device_linker.cmd -ldevice.cmd.genlibs -llibc.a --start-group -llibc++.a -llibc++abi.a -llibc.a -llibsys.a -llibsysbm.a -llibclang_rt.builtins.a -llibclang_rt.profile.a --end-group --cg_opt_level=0</command_line>
   <link_time>0x688a18cb</link_time>
   <link_errors>0x0</link_errors>
   <output_file>D:\PROJECTS\ElecDsinCpet\DianaSai-Control\UploadProjLib\ti_generalctrl\TI_general\Debug\TI_general.out</output_file>
   <entry_point>
      <name>_c_int00_noargs</name>
      <address>0x2ffd</address>
   </entry_point>
   <input_file_list>
      <input_file id="fl-1">
         <path>D:\PROJECTS\ElecDsinCpet\DianaSai-Control\UploadProjLib\ti_generalctrl\TI_general\Debug\.\</path>
         <kind>object</kind>
         <file>empty.o</file>
         <name>empty.o</name>
      </input_file>
      <input_file id="fl-2">
         <path>D:\PROJECTS\ElecDsinCpet\DianaSai-Control\UploadProjLib\ti_generalctrl\TI_general\Debug\.\</path>
         <kind>object</kind>
         <file>ti_msp_dl_config.o</file>
         <name>ti_msp_dl_config.o</name>
      </input_file>
      <input_file id="fl-3">
         <path>D:\PROJECTS\ElecDsinCpet\DianaSai-Control\UploadProjLib\ti_generalctrl\TI_general\Debug\.\</path>
         <kind>object</kind>
         <file>startup_mspm0g350x_ticlang.o</file>
         <name>startup_mspm0g350x_ticlang.o</name>
      </input_file>
      <input_file id="fl-4">
         <path>D:\PROJECTS\ElecDsinCpet\DianaSai-Control\UploadProjLib\ti_generalctrl\TI_general\Debug\.\Hardwares\</path>
         <kind>object</kind>
         <file>Motor.o</file>
         <name>Motor.o</name>
      </input_file>
      <input_file id="fl-5">
         <path>D:\PROJECTS\ElecDsinCpet\DianaSai-Control\UploadProjLib\ti_generalctrl\TI_general\Debug\.\task\</path>
         <kind>object</kind>
         <file>Interrupt.o</file>
         <name>Interrupt.o</name>
      </input_file>
      <input_file id="fl-6">
         <path>D:\PROJECTS\ElecDsinCpet\DianaSai-Control\UploadProjLib\ti_generalctrl\TI_general\Debug\.\task\</path>
         <kind>object</kind>
         <file>task.o</file>
         <name>task.o</name>
      </input_file>
      <input_file id="fl-7">
         <path>D:\PROJECTS\ElecDsinCpet\DianaSai-Control\UploadProjLib\ti_generalctrl\TI_general\Debug\.\tools\</path>
         <kind>object</kind>
         <file>PID.o</file>
         <name>PID.o</name>
      </input_file>
      <input_file id="fl-8">
         <path>D:\PROJECTS\ElecDsinCpet\DianaSai-Control\UploadProjLib\ti_generalctrl\TI_general\Debug\.\tools\</path>
         <kind>object</kind>
         <file>delay.o</file>
         <name>delay.o</name>
      </input_file>
      <input_file id="fl-9">
         <path>D:\PROJECTS\ElecDsinCpet\DianaSai-Control\UploadProjLib\ti_generalctrl\TI_general\Debug\.\tools\</path>
         <kind>object</kind>
         <file>drv_math.o</file>
         <name>drv_math.o</name>
      </input_file>
      <input_file id="fl-16">
         <path>D:\PROJECTS\ElecDsinCpet\DianaSai-Control\UploadProjLib\ti_generalctrl\TI_general\Debug\</path>
         <kind>object</kind>
         <file>&lt;internal&gt;</file>
         <name>&lt;internal&gt;</name>
      </input_file>
      <input_file id="fl-17">
         <path>D:\ti\M0_SDK\mspm0_sdk_2_04_00_06\source\ti\driverlib\lib\ticlang\m0p\mspm0g1x0x_g3x0x\</path>
         <kind>archive</kind>
         <file>driverlib.a</file>
         <name>dl_adc12.o</name>
      </input_file>
      <input_file id="fl-18">
         <path>D:\ti\M0_SDK\mspm0_sdk_2_04_00_06\source\ti\driverlib\lib\ticlang\m0p\mspm0g1x0x_g3x0x\</path>
         <kind>archive</kind>
         <file>driverlib.a</file>
         <name>dl_common.o</name>
      </input_file>
      <input_file id="fl-19">
         <path>D:\ti\M0_SDK\mspm0_sdk_2_04_00_06\source\ti\driverlib\lib\ticlang\m0p\mspm0g1x0x_g3x0x\</path>
         <kind>archive</kind>
         <file>driverlib.a</file>
         <name>dl_timer.o</name>
      </input_file>
      <input_file id="fl-1a">
         <path>D:\ti\M0_SDK\mspm0_sdk_2_04_00_06\source\ti\driverlib\lib\ticlang\m0p\mspm0g1x0x_g3x0x\</path>
         <kind>archive</kind>
         <file>driverlib.a</file>
         <name>dl_uart.o</name>
      </input_file>
      <input_file id="fl-31">
         <path>C:\ti\ccs2020\ccs\tools\compiler\ti-cgt-armllvm_4.0.3.LTS\lib\armv6m-ti-none-eabi\c\</path>
         <kind>archive</kind>
         <file>libc.a</file>
         <name>vsprintf.c.obj</name>
      </input_file>
      <input_file id="fl-32">
         <path>C:\ti\ccs2020\ccs\tools\compiler\ti-cgt-armllvm_4.0.3.LTS\lib\armv6m-ti-none-eabi\c\</path>
         <kind>archive</kind>
         <file>libc.a</file>
         <name>boot_cortex_m.c.obj</name>
      </input_file>
      <input_file id="fl-33">
         <path>C:\ti\ccs2020\ccs\tools\compiler\ti-cgt-armllvm_4.0.3.LTS\lib\armv6m-ti-none-eabi\c\</path>
         <kind>archive</kind>
         <file>libc.a</file>
         <name>mathacl_init.c.obj</name>
      </input_file>
      <input_file id="fl-34">
         <path>C:\ti\ccs2020\ccs\tools\compiler\ti-cgt-armllvm_4.0.3.LTS\lib\armv6m-ti-none-eabi\c\</path>
         <kind>archive</kind>
         <file>libc.a</file>
         <name>autoinit.c.obj</name>
      </input_file>
      <input_file id="fl-35">
         <path>C:\ti\ccs2020\ccs\tools\compiler\ti-cgt-armllvm_4.0.3.LTS\lib\armv6m-ti-none-eabi\c\</path>
         <kind>archive</kind>
         <file>libc.a</file>
         <name>pre_init.c.obj</name>
      </input_file>
      <input_file id="fl-36">
         <path>C:\ti\ccs2020\ccs\tools\compiler\ti-cgt-armllvm_4.0.3.LTS\lib\armv6m-ti-none-eabi\c\</path>
         <kind>archive</kind>
         <file>libc.a</file>
         <name>cpy_tbl.c.obj</name>
      </input_file>
      <input_file id="fl-37">
         <path>C:\ti\ccs2020\ccs\tools\compiler\ti-cgt-armllvm_4.0.3.LTS\lib\armv6m-ti-none-eabi\c\</path>
         <kind>archive</kind>
         <file>libc.a</file>
         <name>copy_zero_init.c.obj</name>
      </input_file>
      <input_file id="fl-38">
         <path>C:\ti\ccs2020\ccs\tools\compiler\ti-cgt-armllvm_4.0.3.LTS\lib\armv6m-ti-none-eabi\c\</path>
         <kind>archive</kind>
         <file>libc.a</file>
         <name>copy_decompress_none.c.obj</name>
      </input_file>
      <input_file id="fl-39">
         <path>C:\ti\ccs2020\ccs\tools\compiler\ti-cgt-armllvm_4.0.3.LTS\lib\armv6m-ti-none-eabi\c\</path>
         <kind>archive</kind>
         <file>libc.a</file>
         <name>copy_decompress_lzss.c.obj</name>
      </input_file>
      <input_file id="fl-3a">
         <path>C:\ti\ccs2020\ccs\tools\compiler\ti-cgt-armllvm_4.0.3.LTS\lib\armv6m-ti-none-eabi\c\</path>
         <kind>archive</kind>
         <file>libc.a</file>
         <name>_printfi.c.obj</name>
      </input_file>
      <input_file id="fl-3b">
         <path>C:\ti\ccs2020\ccs\tools\compiler\ti-cgt-armllvm_4.0.3.LTS\lib\armv6m-ti-none-eabi\c\</path>
         <kind>archive</kind>
         <file>libc.a</file>
         <name>s_frexp.c.obj</name>
      </input_file>
      <input_file id="fl-3c">
         <path>C:\ti\ccs2020\ccs\tools\compiler\ti-cgt-armllvm_4.0.3.LTS\lib\armv6m-ti-none-eabi\c\</path>
         <kind>archive</kind>
         <file>libc.a</file>
         <name>s_scalbn.c.obj</name>
      </input_file>
      <input_file id="fl-3d">
         <path>C:\ti\ccs2020\ccs\tools\compiler\ti-cgt-armllvm_4.0.3.LTS\lib\armv6m-ti-none-eabi\c\</path>
         <kind>archive</kind>
         <file>libc.a</file>
         <name>wcslen.c.obj</name>
      </input_file>
      <input_file id="fl-3e">
         <path>C:\ti\ccs2020\ccs\tools\compiler\ti-cgt-armllvm_4.0.3.LTS\lib\armv6m-ti-none-eabi\c\</path>
         <kind>archive</kind>
         <file>libc.a</file>
         <name>aeabi_portable.c.obj</name>
      </input_file>
      <input_file id="fl-3f">
         <path>C:\ti\ccs2020\ccs\tools\compiler\ti-cgt-armllvm_4.0.3.LTS\lib\armv6m-ti-none-eabi\c\</path>
         <kind>archive</kind>
         <file>libc.a</file>
         <name>exit.c.obj</name>
      </input_file>
      <input_file id="fl-40">
         <path>C:\ti\ccs2020\ccs\tools\compiler\ti-cgt-armllvm_4.0.3.LTS\lib\armv6m-ti-none-eabi\c\</path>
         <kind>archive</kind>
         <file>libc.a</file>
         <name>_lock.c.obj</name>
      </input_file>
      <input_file id="fl-41">
         <path>C:\ti\ccs2020\ccs\tools\compiler\ti-cgt-armllvm_4.0.3.LTS\lib\armv6m-ti-none-eabi\c\</path>
         <kind>archive</kind>
         <file>libc.a</file>
         <name>_ltoa.c.obj</name>
      </input_file>
      <input_file id="fl-42">
         <path>C:\ti\ccs2020\ccs\tools\compiler\ti-cgt-armllvm_4.0.3.LTS\lib\armv6m-ti-none-eabi\c\</path>
         <kind>archive</kind>
         <file>libc.a</file>
         <name>args_main.c.obj</name>
      </input_file>
      <input_file id="fl-43">
         <path>C:\ti\ccs2020\ccs\tools\compiler\ti-cgt-armllvm_4.0.3.LTS\lib\armv6m-ti-none-eabi\c\</path>
         <kind>archive</kind>
         <file>libc.a</file>
         <name>assert.c.obj</name>
      </input_file>
      <input_file id="fl-44">
         <path>C:\ti\ccs2020\ccs\tools\compiler\ti-cgt-armllvm_4.0.3.LTS\lib\armv6m-ti-none-eabi\c\</path>
         <kind>archive</kind>
         <file>libc.a</file>
         <name>atoi.c.obj</name>
      </input_file>
      <input_file id="fl-45">
         <path>C:\ti\ccs2020\ccs\tools\compiler\ti-cgt-armllvm_4.0.3.LTS\lib\armv6m-ti-none-eabi\c\</path>
         <kind>archive</kind>
         <file>libc.a</file>
         <name>defs.c.obj</name>
      </input_file>
      <input_file id="fl-46">
         <path>C:\ti\ccs2020\ccs\tools\compiler\ti-cgt-armllvm_4.0.3.LTS\lib\armv6m-ti-none-eabi\c\</path>
         <kind>archive</kind>
         <file>libc.a</file>
         <name>memccpy.c.obj</name>
      </input_file>
      <input_file id="fl-47">
         <path>C:\ti\ccs2020\ccs\tools\compiler\ti-cgt-armllvm_4.0.3.LTS\lib\armv6m-ti-none-eabi\c\</path>
         <kind>archive</kind>
         <file>libc.a</file>
         <name>memory.c.obj</name>
      </input_file>
      <input_file id="fl-48">
         <path>C:\ti\ccs2020\ccs\tools\compiler\ti-cgt-armllvm_4.0.3.LTS\lib\armv6m-ti-none-eabi\c\</path>
         <kind>archive</kind>
         <file>libc.a</file>
         <name>sprintf.c.obj</name>
      </input_file>
      <input_file id="fl-49">
         <path>C:\ti\ccs2020\ccs\tools\compiler\ti-cgt-armllvm_4.0.3.LTS\lib\armv6m-ti-none-eabi\c\</path>
         <kind>archive</kind>
         <file>libc.a</file>
         <name>fflush.c.obj</name>
      </input_file>
      <input_file id="fl-4a">
         <path>C:\ti\ccs2020\ccs\tools\compiler\ti-cgt-armllvm_4.0.3.LTS\lib\armv6m-ti-none-eabi\c\</path>
         <kind>archive</kind>
         <file>libc.a</file>
         <name>fputs.c.obj</name>
      </input_file>
      <input_file id="fl-4b">
         <path>C:\ti\ccs2020\ccs\tools\compiler\ti-cgt-armllvm_4.0.3.LTS\lib\armv6m-ti-none-eabi\c\</path>
         <kind>archive</kind>
         <file>libc.a</file>
         <name>_io_perm.c.obj</name>
      </input_file>
      <input_file id="fl-4c">
         <path>C:\ti\ccs2020\ccs\tools\compiler\ti-cgt-armllvm_4.0.3.LTS\lib\armv6m-ti-none-eabi\c\</path>
         <kind>archive</kind>
         <file>libc.a</file>
         <name>setvbuf.c.obj</name>
      </input_file>
      <input_file id="fl-4d">
         <path>C:\ti\ccs2020\ccs\tools\compiler\ti-cgt-armllvm_4.0.3.LTS\lib\armv6m-ti-none-eabi\c\</path>
         <kind>archive</kind>
         <file>libc.a</file>
         <name>aeabi_ctype.S.obj</name>
      </input_file>
      <input_file id="fl-4e">
         <path>C:\ti\ccs2020\ccs\tools\compiler\ti-cgt-armllvm_4.0.3.LTS\lib\armv6m-ti-none-eabi\c\</path>
         <kind>archive</kind>
         <file>libc.a</file>
         <name>fopen.c.obj</name>
      </input_file>
      <input_file id="fl-4f">
         <path>C:\ti\ccs2020\ccs\tools\compiler\ti-cgt-armllvm_4.0.3.LTS\lib\armv6m-ti-none-eabi\c\</path>
         <kind>archive</kind>
         <file>libc.a</file>
         <name>fseek.c.obj</name>
      </input_file>
      <input_file id="fl-50">
         <path>C:\ti\ccs2020\ccs\tools\compiler\ti-cgt-armllvm_4.0.3.LTS\lib\armv6m-ti-none-eabi\c\</path>
         <kind>archive</kind>
         <file>libc.a</file>
         <name>fclose.c.obj</name>
      </input_file>
      <input_file id="fl-f0">
         <path>C:\ti\ccs2020\ccs\tools\compiler\ti-cgt-armllvm_4.0.3.LTS\lib\armv6m-ti-none-eabi\c\</path>
         <kind>archive</kind>
         <file>libsysbm.a</file>
         <name>hostexit.c.obj</name>
      </input_file>
      <input_file id="fl-f1">
         <path>C:\ti\ccs2020\ccs\tools\compiler\ti-cgt-armllvm_4.0.3.LTS\lib\armv6m-ti-none-eabi\c\</path>
         <kind>archive</kind>
         <file>libsysbm.a</file>
         <name>write.c.obj</name>
      </input_file>
      <input_file id="fl-f2">
         <path>C:\ti\ccs2020\ccs\tools\compiler\ti-cgt-armllvm_4.0.3.LTS\lib\armv6m-ti-none-eabi\c\</path>
         <kind>archive</kind>
         <file>libsysbm.a</file>
         <name>host_device.c.obj</name>
      </input_file>
      <input_file id="fl-f3">
         <path>C:\ti\ccs2020\ccs\tools\compiler\ti-cgt-armllvm_4.0.3.LTS\lib\armv6m-ti-none-eabi\c\</path>
         <kind>archive</kind>
         <file>libsysbm.a</file>
         <name>remove.c.obj</name>
      </input_file>
      <input_file id="fl-f4">
         <path>C:\ti\ccs2020\ccs\tools\compiler\ti-cgt-armllvm_4.0.3.LTS\lib\armv6m-ti-none-eabi\c\</path>
         <kind>archive</kind>
         <file>libsysbm.a</file>
         <name>open.c.obj</name>
      </input_file>
      <input_file id="fl-f5">
         <path>C:\ti\ccs2020\ccs\tools\compiler\ti-cgt-armllvm_4.0.3.LTS\lib\armv6m-ti-none-eabi\c\</path>
         <kind>archive</kind>
         <file>libsysbm.a</file>
         <name>lseek.c.obj</name>
      </input_file>
      <input_file id="fl-f6">
         <path>C:\ti\ccs2020\ccs\tools\compiler\ti-cgt-armllvm_4.0.3.LTS\lib\armv6m-ti-none-eabi\c\</path>
         <kind>archive</kind>
         <file>libsysbm.a</file>
         <name>close.c.obj</name>
      </input_file>
      <input_file id="fl-f7">
         <path>C:\ti\ccs2020\ccs\tools\compiler\ti-cgt-armllvm_4.0.3.LTS\lib\armv6m-ti-none-eabi\c\</path>
         <kind>archive</kind>
         <file>libsysbm.a</file>
         <name>unlink.c.obj</name>
      </input_file>
      <input_file id="fl-f8">
         <path>C:\ti\ccs2020\ccs\tools\compiler\ti-cgt-armllvm_4.0.3.LTS\lib\armv6m-ti-none-eabi\c\</path>
         <kind>archive</kind>
         <file>libsysbm.a</file>
         <name>hostclose.c.obj</name>
      </input_file>
      <input_file id="fl-f9">
         <path>C:\ti\ccs2020\ccs\tools\compiler\ti-cgt-armllvm_4.0.3.LTS\lib\armv6m-ti-none-eabi\c\</path>
         <kind>archive</kind>
         <file>libsysbm.a</file>
         <name>hostlseek.c.obj</name>
      </input_file>
      <input_file id="fl-fa">
         <path>C:\ti\ccs2020\ccs\tools\compiler\ti-cgt-armllvm_4.0.3.LTS\lib\armv6m-ti-none-eabi\c\</path>
         <kind>archive</kind>
         <file>libsysbm.a</file>
         <name>hostopen.c.obj</name>
      </input_file>
      <input_file id="fl-fb">
         <path>C:\ti\ccs2020\ccs\tools\compiler\ti-cgt-armllvm_4.0.3.LTS\lib\armv6m-ti-none-eabi\c\</path>
         <kind>archive</kind>
         <file>libsysbm.a</file>
         <name>hostread.c.obj</name>
      </input_file>
      <input_file id="fl-fc">
         <path>C:\ti\ccs2020\ccs\tools\compiler\ti-cgt-armllvm_4.0.3.LTS\lib\armv6m-ti-none-eabi\c\</path>
         <kind>archive</kind>
         <file>libsysbm.a</file>
         <name>hostrename.c.obj</name>
      </input_file>
      <input_file id="fl-fd">
         <path>C:\ti\ccs2020\ccs\tools\compiler\ti-cgt-armllvm_4.0.3.LTS\lib\armv6m-ti-none-eabi\c\</path>
         <kind>archive</kind>
         <file>libsysbm.a</file>
         <name>hostunlink.c.obj</name>
      </input_file>
      <input_file id="fl-fe">
         <path>C:\ti\ccs2020\ccs\tools\compiler\ti-cgt-armllvm_4.0.3.LTS\lib\armv6m-ti-none-eabi\c\</path>
         <kind>archive</kind>
         <file>libsysbm.a</file>
         <name>hostwrite.c.obj</name>
      </input_file>
      <input_file id="fl-ff">
         <path>C:\ti\ccs2020\ccs\tools\compiler\ti-cgt-armllvm_4.0.3.LTS\lib\armv6m-ti-none-eabi\c\</path>
         <kind>archive</kind>
         <file>libsysbm.a</file>
         <name>trgmsg.c.obj</name>
      </input_file>
      <input_file id="fl-100">
         <path>C:\ti\ccs2020\ccs\tools\compiler\ti-cgt-armllvm_4.0.3.LTS\lib\armv6m-ti-none-eabi\</path>
         <kind>archive</kind>
         <file>libclang_rt.builtins.a</file>
         <name>addsf3.S.obj</name>
      </input_file>
      <input_file id="fl-101">
         <path>C:\ti\ccs2020\ccs\tools\compiler\ti-cgt-armllvm_4.0.3.LTS\lib\armv6m-ti-none-eabi\</path>
         <kind>archive</kind>
         <file>libclang_rt.builtins.a</file>
         <name>adddf3.S.obj</name>
      </input_file>
      <input_file id="fl-102">
         <path>C:\ti\ccs2020\ccs\tools\compiler\ti-cgt-armllvm_4.0.3.LTS\lib\armv6m-ti-none-eabi\</path>
         <kind>archive</kind>
         <file>libclang_rt.builtins.a</file>
         <name>muldf3.S.obj</name>
      </input_file>
      <input_file id="fl-103">
         <path>C:\ti\ccs2020\ccs\tools\compiler\ti-cgt-armllvm_4.0.3.LTS\lib\armv6m-ti-none-eabi\</path>
         <kind>archive</kind>
         <file>libclang_rt.builtins.a</file>
         <name>muldsi3.S.obj</name>
      </input_file>
      <input_file id="fl-104">
         <path>C:\ti\ccs2020\ccs\tools\compiler\ti-cgt-armllvm_4.0.3.LTS\lib\armv6m-ti-none-eabi\</path>
         <kind>archive</kind>
         <file>libclang_rt.builtins.a</file>
         <name>mulsf3.S.obj</name>
      </input_file>
      <input_file id="fl-105">
         <path>C:\ti\ccs2020\ccs\tools\compiler\ti-cgt-armllvm_4.0.3.LTS\lib\armv6m-ti-none-eabi\</path>
         <kind>archive</kind>
         <file>libclang_rt.builtins.a</file>
         <name>divsf3.S.obj</name>
      </input_file>
      <input_file id="fl-106">
         <path>C:\ti\ccs2020\ccs\tools\compiler\ti-cgt-armllvm_4.0.3.LTS\lib\armv6m-ti-none-eabi\</path>
         <kind>archive</kind>
         <file>libclang_rt.builtins.a</file>
         <name>divdf3.S.obj</name>
      </input_file>
      <input_file id="fl-107">
         <path>C:\ti\ccs2020\ccs\tools\compiler\ti-cgt-armllvm_4.0.3.LTS\lib\armv6m-ti-none-eabi\</path>
         <kind>archive</kind>
         <file>libclang_rt.builtins.a</file>
         <name>extendsfdf2.S.obj</name>
      </input_file>
      <input_file id="fl-108">
         <path>C:\ti\ccs2020\ccs\tools\compiler\ti-cgt-armllvm_4.0.3.LTS\lib\armv6m-ti-none-eabi\</path>
         <kind>archive</kind>
         <file>libclang_rt.builtins.a</file>
         <name>fixdfsi.S.obj</name>
      </input_file>
      <input_file id="fl-109">
         <path>C:\ti\ccs2020\ccs\tools\compiler\ti-cgt-armllvm_4.0.3.LTS\lib\armv6m-ti-none-eabi\</path>
         <kind>archive</kind>
         <file>libclang_rt.builtins.a</file>
         <name>fixsfsi.S.obj</name>
      </input_file>
      <input_file id="fl-10a">
         <path>C:\ti\ccs2020\ccs\tools\compiler\ti-cgt-armllvm_4.0.3.LTS\lib\armv6m-ti-none-eabi\</path>
         <kind>archive</kind>
         <file>libclang_rt.builtins.a</file>
         <name>floatsidf.S.obj</name>
      </input_file>
      <input_file id="fl-10b">
         <path>C:\ti\ccs2020\ccs\tools\compiler\ti-cgt-armllvm_4.0.3.LTS\lib\armv6m-ti-none-eabi\</path>
         <kind>archive</kind>
         <file>libclang_rt.builtins.a</file>
         <name>floatsisf.S.obj</name>
      </input_file>
      <input_file id="fl-10c">
         <path>C:\ti\ccs2020\ccs\tools\compiler\ti-cgt-armllvm_4.0.3.LTS\lib\armv6m-ti-none-eabi\</path>
         <kind>archive</kind>
         <file>libclang_rt.builtins.a</file>
         <name>floatunsisf.S.obj</name>
      </input_file>
      <input_file id="fl-10d">
         <path>C:\ti\ccs2020\ccs\tools\compiler\ti-cgt-armllvm_4.0.3.LTS\lib\armv6m-ti-none-eabi\</path>
         <kind>archive</kind>
         <file>libclang_rt.builtins.a</file>
         <name>muldi3.S.obj</name>
      </input_file>
      <input_file id="fl-10e">
         <path>C:\ti\ccs2020\ccs\tools\compiler\ti-cgt-armllvm_4.0.3.LTS\lib\armv6m-ti-none-eabi\</path>
         <kind>archive</kind>
         <file>libclang_rt.builtins.a</file>
         <name>truncdfsf2.S.obj</name>
      </input_file>
      <input_file id="fl-10f">
         <path>C:\ti\ccs2020\ccs\tools\compiler\ti-cgt-armllvm_4.0.3.LTS\lib\armv6m-ti-none-eabi\</path>
         <kind>archive</kind>
         <file>libclang_rt.builtins.a</file>
         <name>aeabi_dcmp.S.obj</name>
      </input_file>
      <input_file id="fl-110">
         <path>C:\ti\ccs2020\ccs\tools\compiler\ti-cgt-armllvm_4.0.3.LTS\lib\armv6m-ti-none-eabi\</path>
         <kind>archive</kind>
         <file>libclang_rt.builtins.a</file>
         <name>aeabi_fcmp.S.obj</name>
      </input_file>
      <input_file id="fl-111">
         <path>C:\ti\ccs2020\ccs\tools\compiler\ti-cgt-armllvm_4.0.3.LTS\lib\armv6m-ti-none-eabi\</path>
         <kind>archive</kind>
         <file>libclang_rt.builtins.a</file>
         <name>aeabi_idivmod.S.obj</name>
      </input_file>
      <input_file id="fl-112">
         <path>C:\ti\ccs2020\ccs\tools\compiler\ti-cgt-armllvm_4.0.3.LTS\lib\armv6m-ti-none-eabi\</path>
         <kind>archive</kind>
         <file>libclang_rt.builtins.a</file>
         <name>aeabi_memcpy.S.obj</name>
      </input_file>
      <input_file id="fl-113">
         <path>C:\ti\ccs2020\ccs\tools\compiler\ti-cgt-armllvm_4.0.3.LTS\lib\armv6m-ti-none-eabi\</path>
         <kind>archive</kind>
         <file>libclang_rt.builtins.a</file>
         <name>aeabi_memset.S.obj</name>
      </input_file>
      <input_file id="fl-114">
         <path>C:\ti\ccs2020\ccs\tools\compiler\ti-cgt-armllvm_4.0.3.LTS\lib\armv6m-ti-none-eabi\</path>
         <kind>archive</kind>
         <file>libclang_rt.builtins.a</file>
         <name>aeabi_uidivmod.S.obj</name>
      </input_file>
      <input_file id="fl-115">
         <path>C:\ti\ccs2020\ccs\tools\compiler\ti-cgt-armllvm_4.0.3.LTS\lib\armv6m-ti-none-eabi\</path>
         <kind>archive</kind>
         <file>libclang_rt.builtins.a</file>
         <name>aeabi_uldivmod.S.obj</name>
      </input_file>
      <input_file id="fl-116">
         <path>C:\ti\ccs2020\ccs\tools\compiler\ti-cgt-armllvm_4.0.3.LTS\lib\armv6m-ti-none-eabi\</path>
         <kind>archive</kind>
         <file>libclang_rt.builtins.a</file>
         <name>comparesf2.S.obj</name>
      </input_file>
      <input_file id="fl-117">
         <path>C:\ti\ccs2020\ccs\tools\compiler\ti-cgt-armllvm_4.0.3.LTS\lib\armv6m-ti-none-eabi\</path>
         <kind>archive</kind>
         <file>libclang_rt.builtins.a</file>
         <name>udivmoddi4.S.obj</name>
      </input_file>
      <input_file id="fl-118">
         <path>C:\ti\ccs2020\ccs\tools\compiler\ti-cgt-armllvm_4.0.3.LTS\lib\armv6m-ti-none-eabi\</path>
         <kind>archive</kind>
         <file>libclang_rt.builtins.a</file>
         <name>ashldi3.S.obj</name>
      </input_file>
      <input_file id="fl-119">
         <path>C:\ti\ccs2020\ccs\tools\compiler\ti-cgt-armllvm_4.0.3.LTS\lib\armv6m-ti-none-eabi\</path>
         <kind>archive</kind>
         <file>libclang_rt.builtins.a</file>
         <name>comparedf2.c.obj</name>
      </input_file>
      <input_file id="fl-11a">
         <path>C:\ti\ccs2020\ccs\tools\compiler\ti-cgt-armllvm_4.0.3.LTS\lib\armv6m-ti-none-eabi\</path>
         <kind>archive</kind>
         <file>libclang_rt.builtins.a</file>
         <name>aeabi_div0.c.obj</name>
      </input_file>
      <input_file id="fl-11b">
         <path>C:\ti\ccs2020\ccs\tools\compiler\ti-cgt-armllvm_4.0.3.LTS\lib\armv6m-ti-none-eabi\c\</path>
         <kind>archive</kind>
         <file>libc.a</file>
         <name>getdevice.c.obj</name>
      </input_file>
      <input_file id="fl-11c">
         <path>C:\ti\ccs2020\ccs\tools\compiler\ti-cgt-armllvm_4.0.3.LTS\lib\armv6m-ti-none-eabi\c\</path>
         <kind>archive</kind>
         <file>libc.a</file>
         <name>memcpy16.S.obj</name>
      </input_file>
      <input_file id="fl-11d">
         <path>C:\ti\ccs2020\ccs\tools\compiler\ti-cgt-armllvm_4.0.3.LTS\lib\armv6m-ti-none-eabi\c\</path>
         <kind>archive</kind>
         <file>libc.a</file>
         <name>memset16.S.obj</name>
      </input_file>
      <input_file id="fl-11e">
         <path>C:\ti\ccs2020\ccs\tools\compiler\ti-cgt-armllvm_4.0.3.LTS\lib\armv6m-ti-none-eabi\c\</path>
         <kind>archive</kind>
         <file>libc.a</file>
         <name>strcmp-armv6m.S.obj</name>
      </input_file>
   </input_file_list>
   <object_component_list>
      <object_component id="oc-18">
         <name>.intvecs</name>
         <load_address>0x0</load_address>
         <readonly>true</readonly>
         <run_address>0x0</run_address>
         <size>0xc0</size>
         <alignment>0x4</alignment>
         <input_file_ref idref="fl-3"/>
      </object_component>
      <object_component id="oc-159">
         <name>.text:__TI_printfi</name>
         <load_address>0xc0</load_address>
         <readonly>true</readonly>
         <executable>true</executable>
         <run_address>0xc0</run_address>
         <size>0x9d0</size>
         <alignment>0x4</alignment>
         <input_file_ref idref="fl-3a"/>
      </object_component>
      <object_component id="oc-1d6">
         <name>.text._pconv_a</name>
         <load_address>0xa90</load_address>
         <readonly>true</readonly>
         <executable>true</executable>
         <run_address>0xa90</run_address>
         <size>0x220</size>
         <alignment>0x4</alignment>
         <input_file_ref idref="fl-3a"/>
      </object_component>
      <object_component id="oc-1d7">
         <name>.text._pconv_g</name>
         <load_address>0xcb0</load_address>
         <readonly>true</readonly>
         <executable>true</executable>
         <run_address>0xcb0</run_address>
         <size>0x1dc</size>
         <alignment>0x4</alignment>
         <input_file_ref idref="fl-3a"/>
      </object_component>
      <object_component id="oc-6d">
         <name>.text.pid_calculate</name>
         <load_address>0xe8c</load_address>
         <readonly>true</readonly>
         <executable>true</executable>
         <run_address>0xe8c</run_address>
         <size>0x198</size>
         <alignment>0x2</alignment>
         <input_file_ref idref="fl-7"/>
      </object_component>
      <object_component id="oc-21f">
         <name>.text.adddf3_subdf3</name>
         <load_address>0x1024</load_address>
         <readonly>true</readonly>
         <executable>true</executable>
         <run_address>0x1024</run_address>
         <size>0x192</size>
         <alignment>0x4</alignment>
         <input_file_ref idref="fl-101"/>
      </object_component>
      <object_component id="oc-1e7">
         <name>.text.__aeabi_idiv0</name>
         <load_address>0x11b6</load_address>
         <readonly>true</readonly>
         <executable>true</executable>
         <run_address>0x11b6</run_address>
         <size>0x2</size>
         <alignment>0x2</alignment>
         <input_file_ref idref="fl-11a"/>
      </object_component>
      <object_component id="oc-223">
         <name>.text.fcvt</name>
         <load_address>0x11b8</load_address>
         <readonly>true</readonly>
         <executable>true</executable>
         <run_address>0x11b8</run_address>
         <size>0x13c</size>
         <alignment>0x4</alignment>
         <input_file_ref idref="fl-3a"/>
      </object_component>
      <object_component id="oc-1d9">
         <name>.text._pconv_e</name>
         <load_address>0x12f4</load_address>
         <readonly>true</readonly>
         <executable>true</executable>
         <run_address>0x12f4</run_address>
         <size>0x120</size>
         <alignment>0x4</alignment>
         <input_file_ref idref="fl-3a"/>
      </object_component>
      <object_component id="oc-21b">
         <name>.text.__divdf3</name>
         <load_address>0x1414</load_address>
         <readonly>true</readonly>
         <executable>true</executable>
         <run_address>0x1414</run_address>
         <size>0x10c</size>
         <alignment>0x4</alignment>
         <input_file_ref idref="fl-106"/>
      </object_component>
      <object_component id="oc-180">
         <name>.text.DL_Timer_initFourCCPWMMode</name>
         <load_address>0x1520</load_address>
         <readonly>true</readonly>
         <executable>true</executable>
         <run_address>0x1520</run_address>
         <size>0x104</size>
         <alignment>0x4</alignment>
         <input_file_ref idref="fl-19"/>
      </object_component>
      <object_component id="oc-12d">
         <name>.text.SYSCFG_DL_GPIO_init</name>
         <load_address>0x1624</load_address>
         <readonly>true</readonly>
         <executable>true</executable>
         <run_address>0x1624</run_address>
         <size>0x104</size>
         <alignment>0x4</alignment>
         <input_file_ref idref="fl-2"/>
      </object_component>
      <object_component id="oc-e7">
         <name>.text.Follow_direct</name>
         <load_address>0x1728</load_address>
         <readonly>true</readonly>
         <executable>true</executable>
         <run_address>0x1728</run_address>
         <size>0xf8</size>
         <alignment>0x4</alignment>
         <input_file_ref idref="fl-4"/>
      </object_component>
      <object_component id="oc-189">
         <name>.text.DL_Timer_initTimerMode</name>
         <load_address>0x1820</load_address>
         <readonly>true</readonly>
         <executable>true</executable>
         <run_address>0x1820</run_address>
         <size>0xe8</size>
         <alignment>0x4</alignment>
         <input_file_ref idref="fl-19"/>
      </object_component>
      <object_component id="oc-213">
         <name>.text.__muldf3</name>
         <load_address>0x1908</load_address>
         <readonly>true</readonly>
         <executable>true</executable>
         <run_address>0x1908</run_address>
         <size>0xe4</size>
         <alignment>0x4</alignment>
         <input_file_ref idref="fl-102"/>
      </object_component>
      <object_component id="oc-202">
         <name>.text.scalbn</name>
         <load_address>0x19ec</load_address>
         <readonly>true</readonly>
         <executable>true</executable>
         <run_address>0x19ec</run_address>
         <size>0xd8</size>
         <alignment>0x4</alignment>
         <input_file_ref idref="fl-3c"/>
      </object_component>
      <object_component id="oc-72">
         <name>.text</name>
         <load_address>0x1ac4</load_address>
         <readonly>true</readonly>
         <executable>true</executable>
         <run_address>0x1ac4</run_address>
         <size>0xd8</size>
         <alignment>0x4</alignment>
         <input_file_ref idref="fl-100"/>
      </object_component>
      <object_component id="oc-e2">
         <name>.text.task_init</name>
         <load_address>0x1b9c</load_address>
         <readonly>true</readonly>
         <executable>true</executable>
         <run_address>0x1b9c</run_address>
         <size>0xb4</size>
         <alignment>0x4</alignment>
         <input_file_ref idref="fl-6"/>
      </object_component>
      <object_component id="oc-7e">
         <name>.text.Load</name>
         <load_address>0x1c50</load_address>
         <readonly>true</readonly>
         <executable>true</executable>
         <run_address>0x1c50</run_address>
         <size>0xb0</size>
         <alignment>0x4</alignment>
         <input_file_ref idref="fl-4"/>
      </object_component>
      <object_component id="oc-91">
         <name>.text.main</name>
         <load_address>0x1d00</load_address>
         <readonly>true</readonly>
         <executable>true</executable>
         <run_address>0x1d00</run_address>
         <size>0xa4</size>
         <alignment>0x4</alignment>
         <input_file_ref idref="fl-1"/>
      </object_component>
      <object_component id="oc-1f9">
         <name>.text</name>
         <load_address>0x1da4</load_address>
         <readonly>true</readonly>
         <executable>true</executable>
         <run_address>0x1da4</run_address>
         <size>0xa2</size>
         <alignment>0x4</alignment>
         <input_file_ref idref="fl-117"/>
      </object_component>
      <object_component id="oc-d1">
         <name>.text.pid_init</name>
         <load_address>0x1e46</load_address>
         <readonly>true</readonly>
         <executable>true</executable>
         <run_address>0x1e46</run_address>
         <size>0x98</size>
         <alignment>0x2</alignment>
         <input_file_ref idref="fl-7"/>
      </object_component>
      <object_component id="oc-228">
         <name>.text.__aeabi_ldiv0</name>
         <load_address>0x1ede</load_address>
         <readonly>true</readonly>
         <executable>true</executable>
         <run_address>0x1ede</run_address>
         <size>0x2</size>
         <alignment>0x2</alignment>
         <input_file_ref idref="fl-11a"/>
      </object_component>
      <object_component id="oc-13d">
         <name>.text.FollowingLine_Analysis</name>
         <load_address>0x1ee0</load_address>
         <readonly>true</readonly>
         <executable>true</executable>
         <run_address>0x1ee0</run_address>
         <size>0x94</size>
         <alignment>0x4</alignment>
         <input_file_ref idref="fl-4"/>
      </object_component>
      <object_component id="oc-12f">
         <name>.text.SYSCFG_DL_Motor_init</name>
         <load_address>0x1f74</load_address>
         <readonly>true</readonly>
         <executable>true</executable>
         <run_address>0x1f74</run_address>
         <size>0x90</size>
         <alignment>0x4</alignment>
         <input_file_ref idref="fl-2"/>
      </object_component>
      <object_component id="oc-12c">
         <name>.text.SYSCFG_DL_initPower</name>
         <load_address>0x2004</load_address>
         <readonly>true</readonly>
         <executable>true</executable>
         <run_address>0x2004</run_address>
         <size>0x8c</size>
         <alignment>0x4</alignment>
         <input_file_ref idref="fl-2"/>
      </object_component>
      <object_component id="oc-ab">
         <name>.text.__mulsf3</name>
         <load_address>0x2090</load_address>
         <readonly>true</readonly>
         <executable>true</executable>
         <run_address>0x2090</run_address>
         <size>0x8c</size>
         <alignment>0x4</alignment>
         <input_file_ref idref="fl-104"/>
      </object_component>
      <object_component id="oc-39">
         <name>.text.UART0_IRQHandler</name>
         <load_address>0x211c</load_address>
         <readonly>true</readonly>
         <executable>true</executable>
         <run_address>0x211c</run_address>
         <size>0x84</size>
         <alignment>0x4</alignment>
         <input_file_ref idref="fl-5"/>
      </object_component>
      <object_component id="oc-18b">
         <name>.text.__NVIC_SetPriority</name>
         <load_address>0x21a0</load_address>
         <readonly>true</readonly>
         <executable>true</executable>
         <run_address>0x21a0</run_address>
         <size>0x84</size>
         <alignment>0x4</alignment>
         <input_file_ref idref="fl-2"/>
      </object_component>
      <object_component id="oc-b8">
         <name>.text.__divsf3</name>
         <load_address>0x2224</load_address>
         <readonly>true</readonly>
         <executable>true</executable>
         <run_address>0x2224</run_address>
         <size>0x82</size>
         <alignment>0x4</alignment>
         <input_file_ref idref="fl-105"/>
      </object_component>
      <object_component id="oc-1c">
         <name>.text:decompress:lzss</name>
         <load_address>0x22a8</load_address>
         <readonly>true</readonly>
         <executable>true</executable>
         <run_address>0x22a8</run_address>
         <size>0x7c</size>
         <alignment>0x4</alignment>
         <input_file_ref idref="fl-39"/>
      </object_component>
      <object_component id="oc-66">
         <name>.text.ScreenPrintf</name>
         <load_address>0x2324</load_address>
         <readonly>true</readonly>
         <executable>true</executable>
         <run_address>0x2324</run_address>
         <size>0x78</size>
         <alignment>0x2</alignment>
         <input_file_ref idref="fl-5"/>
      </object_component>
      <object_component id="oc-162">
         <name>.text.__gedf2</name>
         <load_address>0x239c</load_address>
         <readonly>true</readonly>
         <executable>true</executable>
         <run_address>0x239c</run_address>
         <size>0x74</size>
         <alignment>0x4</alignment>
         <input_file_ref idref="fl-119"/>
      </object_component>
      <object_component id="oc-11f">
         <name>.text.__truncdfsf2</name>
         <load_address>0x2410</load_address>
         <readonly>true</readonly>
         <executable>true</executable>
         <run_address>0x2410</run_address>
         <size>0x74</size>
         <alignment>0x10</alignment>
         <input_file_ref idref="fl-10e"/>
      </object_component>
      <object_component id="oc-15c">
         <name>.text.__ledf2</name>
         <load_address>0x2484</load_address>
         <readonly>true</readonly>
         <executable>true</executable>
         <run_address>0x2484</run_address>
         <size>0x68</size>
         <alignment>0x4</alignment>
         <input_file_ref idref="fl-119"/>
      </object_component>
      <object_component id="oc-21a">
         <name>.text._mcpy</name>
         <load_address>0x24ec</load_address>
         <readonly>true</readonly>
         <executable>true</executable>
         <run_address>0x24ec</run_address>
         <size>0x66</size>
         <alignment>0x2</alignment>
         <input_file_ref idref="fl-3a"/>
      </object_component>
      <object_component id="oc-11b">
         <name>.text.__aeabi_dcmp</name>
         <load_address>0x2554</load_address>
         <readonly>true</readonly>
         <executable>true</executable>
         <run_address>0x2554</run_address>
         <size>0x62</size>
         <alignment>0x4</alignment>
         <input_file_ref idref="fl-10f"/>
      </object_component>
      <object_component id="oc-b4">
         <name>.text.__aeabi_fcmp</name>
         <load_address>0x25b8</load_address>
         <readonly>true</readonly>
         <executable>true</executable>
         <run_address>0x25b8</run_address>
         <size>0x62</size>
         <alignment>0x4</alignment>
         <input_file_ref idref="fl-110"/>
      </object_component>
      <object_component id="oc-c0">
         <name>.text.limit</name>
         <load_address>0x261a</load_address>
         <readonly>true</readonly>
         <executable>true</executable>
         <run_address>0x261a</run_address>
         <size>0x60</size>
         <alignment>0x2</alignment>
         <input_file_ref idref="fl-9"/>
      </object_component>
      <object_component id="oc-1fe">
         <name>.text.frexp</name>
         <load_address>0x267c</load_address>
         <readonly>true</readonly>
         <executable>true</executable>
         <run_address>0x267c</run_address>
         <size>0x5c</size>
         <alignment>0x4</alignment>
         <input_file_ref idref="fl-3b"/>
      </object_component>
      <object_component id="oc-20a">
         <name>.text.__TI_ltoa</name>
         <load_address>0x26d8</load_address>
         <readonly>true</readonly>
         <executable>true</executable>
         <run_address>0x26d8</run_address>
         <size>0x58</size>
         <alignment>0x2</alignment>
         <input_file_ref idref="fl-41"/>
      </object_component>
      <object_component id="oc-1d8">
         <name>.text._pconv_f</name>
         <load_address>0x2730</load_address>
         <readonly>true</readonly>
         <executable>true</executable>
         <run_address>0x2730</run_address>
         <size>0x58</size>
         <alignment>0x2</alignment>
         <input_file_ref idref="fl-3a"/>
      </object_component>
      <object_component id="oc-235">
         <name>.text.__aeabi_idivmod</name>
         <load_address>0x2788</load_address>
         <readonly>true</readonly>
         <executable>true</executable>
         <run_address>0x2788</run_address>
         <size>0x56</size>
         <alignment>0x4</alignment>
         <input_file_ref idref="fl-111"/>
      </object_component>
      <object_component id="oc-132">
         <name>.text.SYSCFG_DL_TJC_init</name>
         <load_address>0x27e0</load_address>
         <readonly>true</readonly>
         <executable>true</executable>
         <run_address>0x27e0</run_address>
         <size>0x54</size>
         <alignment>0x4</alignment>
         <input_file_ref idref="fl-2"/>
      </object_component>
      <object_component id="oc-218">
         <name>.text._ecpy</name>
         <load_address>0x2834</load_address>
         <readonly>true</readonly>
         <executable>true</executable>
         <run_address>0x2834</run_address>
         <size>0x52</size>
         <alignment>0x2</alignment>
         <input_file_ref idref="fl-3a"/>
      </object_component>
      <object_component id="oc-3e">
         <name>.text.TIMG0_IRQHandler</name>
         <load_address>0x2888</load_address>
         <readonly>true</readonly>
         <executable>true</executable>
         <run_address>0x2888</run_address>
         <size>0x50</size>
         <alignment>0x4</alignment>
         <input_file_ref idref="fl-5"/>
      </object_component>
      <object_component id="oc-198">
         <name>.text.DL_UART_setBaudRateDivisor</name>
         <load_address>0x28d8</load_address>
         <readonly>true</readonly>
         <executable>true</executable>
         <run_address>0x28d8</run_address>
         <size>0x4c</size>
         <alignment>0x4</alignment>
         <input_file_ref idref="fl-2"/>
      </object_component>
      <object_component id="oc-1a3">
         <name>.text.DL_ADC12_configConversionMem</name>
         <load_address>0x2924</load_address>
         <readonly>true</readonly>
         <executable>true</executable>
         <run_address>0x2924</run_address>
         <size>0x4a</size>
         <alignment>0x2</alignment>
         <input_file_ref idref="fl-2"/>
      </object_component>
      <object_component id="oc-206">
         <name>.text.__fixdfsi</name>
         <load_address>0x2970</load_address>
         <readonly>true</readonly>
         <executable>true</executable>
         <run_address>0x2970</run_address>
         <size>0x4a</size>
         <alignment>0x4</alignment>
         <input_file_ref idref="fl-108"/>
      </object_component>
      <object_component id="oc-196">
         <name>.text.DL_UART_init</name>
         <load_address>0x29bc</load_address>
         <readonly>true</readonly>
         <executable>true</executable>
         <run_address>0x29bc</run_address>
         <size>0x48</size>
         <alignment>0x4</alignment>
         <input_file_ref idref="fl-1a"/>
      </object_component>
      <object_component id="oc-19d">
         <name>.text.DL_ADC12_setClockConfig</name>
         <load_address>0x2a04</load_address>
         <readonly>true</readonly>
         <executable>true</executable>
         <run_address>0x2a04</run_address>
         <size>0x40</size>
         <alignment>0x4</alignment>
         <input_file_ref idref="fl-17"/>
      </object_component>
      <object_component id="oc-130">
         <name>.text.SYSCFG_DL_Pid_init</name>
         <load_address>0x2a44</load_address>
         <readonly>true</readonly>
         <executable>true</executable>
         <run_address>0x2a44</run_address>
         <size>0x40</size>
         <alignment>0x4</alignment>
         <input_file_ref idref="fl-2"/>
      </object_component>
      <object_component id="oc-1ba">
         <name>.text.__aeabi_uidivmod</name>
         <load_address>0x2a84</load_address>
         <readonly>true</readonly>
         <executable>true</executable>
         <run_address>0x2a84</run_address>
         <size>0x40</size>
         <alignment>0x4</alignment>
         <input_file_ref idref="fl-114"/>
      </object_component>
      <object_component id="oc-bc">
         <name>.text.__extendsfdf2</name>
         <load_address>0x2ac4</load_address>
         <readonly>true</readonly>
         <executable>true</executable>
         <run_address>0x2ac4</run_address>
         <size>0x40</size>
         <alignment>0x4</alignment>
         <input_file_ref idref="fl-107"/>
      </object_component>
      <object_component id="oc-1c0">
         <name>.text.atoi</name>
         <load_address>0x2b04</load_address>
         <readonly>true</readonly>
         <executable>true</executable>
         <run_address>0x2b04</run_address>
         <size>0x40</size>
         <alignment>0x4</alignment>
         <input_file_ref idref="fl-44"/>
      </object_component>
      <object_component id="oc-181">
         <name>.text.DL_Timer_setCounterControl</name>
         <load_address>0x2b44</load_address>
         <readonly>true</readonly>
         <executable>true</executable>
         <run_address>0x2b44</run_address>
         <size>0x3c</size>
         <alignment>0x4</alignment>
         <input_file_ref idref="fl-2"/>
      </object_component>
      <object_component id="oc-131">
         <name>.text.SYSCFG_DL_Cac_init</name>
         <load_address>0x2b80</load_address>
         <readonly>true</readonly>
         <executable>true</executable>
         <run_address>0x2b80</run_address>
         <size>0x3c</size>
         <alignment>0x4</alignment>
         <input_file_ref idref="fl-2"/>
      </object_component>
      <object_component id="oc-7a">
         <name>.text.__floatsisf</name>
         <load_address>0x2bbc</load_address>
         <readonly>true</readonly>
         <executable>true</executable>
         <run_address>0x2bbc</run_address>
         <size>0x3c</size>
         <alignment>0x4</alignment>
         <input_file_ref idref="fl-10b"/>
      </object_component>
      <object_component id="oc-117">
         <name>.text.__gtsf2</name>
         <load_address>0x2bf8</load_address>
         <readonly>true</readonly>
         <executable>true</executable>
         <run_address>0x2bf8</run_address>
         <size>0x3c</size>
         <alignment>0x4</alignment>
         <input_file_ref idref="fl-116"/>
      </object_component>
      <object_component id="oc-f3">
         <name>.text:__TI_auto_init_nobinit_nopinit</name>
         <load_address>0x2c34</load_address>
         <readonly>true</readonly>
         <executable>true</executable>
         <run_address>0x2c34</run_address>
         <size>0x3c</size>
         <alignment>0x4</alignment>
         <input_file_ref idref="fl-34"/>
      </object_component>
      <object_component id="oc-112">
         <name>.text.__eqsf2</name>
         <load_address>0x2c70</load_address>
         <readonly>true</readonly>
         <executable>true</executable>
         <run_address>0x2c70</run_address>
         <size>0x3a</size>
         <alignment>0x4</alignment>
         <input_file_ref idref="fl-116"/>
      </object_component>
      <object_component id="oc-10b">
         <name>.text.__muldsi3</name>
         <load_address>0x2cac</load_address>
         <readonly>true</readonly>
         <executable>true</executable>
         <run_address>0x2cac</run_address>
         <size>0x3a</size>
         <alignment>0x4</alignment>
         <input_file_ref idref="fl-103"/>
      </object_component>
      <object_component id="oc-dd">
         <name>.text.SYSCFG_DL_init</name>
         <load_address>0x2ce8</load_address>
         <readonly>true</readonly>
         <executable>true</executable>
         <run_address>0x2ce8</run_address>
         <size>0x38</size>
         <alignment>0x4</alignment>
         <input_file_ref idref="fl-2"/>
      </object_component>
      <object_component id="oc-76">
         <name>.text.__fixsfsi</name>
         <load_address>0x2d20</load_address>
         <readonly>true</readonly>
         <executable>true</executable>
         <run_address>0x2d20</run_address>
         <size>0x38</size>
         <alignment>0x4</alignment>
         <input_file_ref idref="fl-109"/>
      </object_component>
      <object_component id="oc-177">
         <name>.text.DL_GPIO_initDigitalInputFeatures</name>
         <load_address>0x2d58</load_address>
         <readonly>true</readonly>
         <executable>true</executable>
         <run_address>0x2d58</run_address>
         <size>0x34</size>
         <alignment>0x4</alignment>
         <input_file_ref idref="fl-2"/>
      </object_component>
      <object_component id="oc-133">
         <name>.text.SYSCFG_DL_ADC12_0_init</name>
         <load_address>0x2d8c</load_address>
         <readonly>true</readonly>
         <executable>true</executable>
         <run_address>0x2d8c</run_address>
         <size>0x34</size>
         <alignment>0x4</alignment>
         <input_file_ref idref="fl-2"/>
      </object_component>
      <object_component id="oc-175">
         <name>.text.DL_GPIO_initDigitalOutputFeatures</name>
         <load_address>0x2dc0</load_address>
         <readonly>true</readonly>
         <executable>true</executable>
         <run_address>0x2dc0</run_address>
         <size>0x30</size>
         <alignment>0x4</alignment>
         <input_file_ref idref="fl-2"/>
      </object_component>
      <object_component id="oc-219">
         <name>.text._fcpy</name>
         <load_address>0x2df0</load_address>
         <readonly>true</readonly>
         <executable>true</executable>
         <run_address>0x2df0</run_address>
         <size>0x30</size>
         <alignment>0x2</alignment>
         <input_file_ref idref="fl-3a"/>
      </object_component>
      <object_component id="oc-e4">
         <name>.text.__NVIC_ClearPendingIRQ</name>
         <load_address>0x2e20</load_address>
         <readonly>true</readonly>
         <executable>true</executable>
         <run_address>0x2e20</run_address>
         <size>0x2c</size>
         <alignment>0x4</alignment>
         <input_file_ref idref="fl-1"/>
      </object_component>
      <object_component id="oc-138">
         <name>.text.__NVIC_ClearPendingIRQ</name>
         <load_address>0x2e4c</load_address>
         <readonly>true</readonly>
         <executable>true</executable>
         <run_address>0x2e4c</run_address>
         <size>0x2c</size>
         <alignment>0x4</alignment>
         <input_file_ref idref="fl-6"/>
      </object_component>
      <object_component id="oc-e5">
         <name>.text.__NVIC_EnableIRQ</name>
         <load_address>0x2e78</load_address>
         <readonly>true</readonly>
         <executable>true</executable>
         <run_address>0x2e78</run_address>
         <size>0x2c</size>
         <alignment>0x4</alignment>
         <input_file_ref idref="fl-1"/>
      </object_component>
      <object_component id="oc-139">
         <name>.text.__NVIC_EnableIRQ</name>
         <load_address>0x2ea4</load_address>
         <readonly>true</readonly>
         <executable>true</executable>
         <run_address>0x2ea4</run_address>
         <size>0x2c</size>
         <alignment>0x4</alignment>
         <input_file_ref idref="fl-6"/>
      </object_component>
      <object_component id="oc-20e">
         <name>.text.__floatsidf</name>
         <load_address>0x2ed0</load_address>
         <readonly>true</readonly>
         <executable>true</executable>
         <run_address>0x2ed0</run_address>
         <size>0x2c</size>
         <alignment>0x4</alignment>
         <input_file_ref idref="fl-10a"/>
      </object_component>
      <object_component id="oc-af">
         <name>.text.myabs</name>
         <load_address>0x2efc</load_address>
         <readonly>true</readonly>
         <executable>true</executable>
         <run_address>0x2efc</run_address>
         <size>0x2c</size>
         <alignment>0x2</alignment>
         <input_file_ref idref="fl-9"/>
      </object_component>
      <object_component id="oc-a6">
         <name>.text.uart0_send_char</name>
         <load_address>0x2f28</load_address>
         <readonly>true</readonly>
         <executable>true</executable>
         <run_address>0x2f28</run_address>
         <size>0x2c</size>
         <alignment>0x4</alignment>
         <input_file_ref idref="fl-5"/>
      </object_component>
      <object_component id="oc-a0">
         <name>.text.vsprintf</name>
         <load_address>0x2f54</load_address>
         <readonly>true</readonly>
         <executable>true</executable>
         <run_address>0x2f54</run_address>
         <size>0x2c</size>
         <alignment>0x4</alignment>
         <input_file_ref idref="fl-31"/>
      </object_component>
      <object_component id="oc-12e">
         <name>.text.SYSCFG_DL_SYSCTL_init</name>
         <load_address>0x2f80</load_address>
         <readonly>true</readonly>
         <executable>true</executable>
         <run_address>0x2f80</run_address>
         <size>0x2a</size>
         <alignment>0x2</alignment>
         <input_file_ref idref="fl-2"/>
      </object_component>
      <object_component id="oc-1df">
         <name>.text.DL_Common_updateReg</name>
         <load_address>0x2faa</load_address>
         <readonly>true</readonly>
         <executable>true</executable>
         <run_address>0x2faa</run_address>
         <size>0x28</size>
         <alignment>0x2</alignment>
         <input_file_ref idref="fl-2"/>
      </object_component>
      <object_component id="oc-13e">
         <name>.text.__floatunsisf</name>
         <load_address>0x2fd4</load_address>
         <readonly>true</readonly>
         <executable>true</executable>
         <run_address>0x2fd4</run_address>
         <size>0x28</size>
         <alignment>0x4</alignment>
         <input_file_ref idref="fl-10c"/>
      </object_component>
      <object_component id="oc-5b">
         <name>.text:_c_int00_noargs</name>
         <load_address>0x2ffc</load_address>
         <readonly>true</readonly>
         <executable>true</executable>
         <run_address>0x2ffc</run_address>
         <size>0x28</size>
         <alignment>0x4</alignment>
         <input_file_ref idref="fl-32"/>
      </object_component>
      <object_component id="oc-1cd">
         <name>.text.__muldi3</name>
         <load_address>0x3024</load_address>
         <readonly>true</readonly>
         <executable>true</executable>
         <run_address>0x3024</run_address>
         <size>0x24</size>
         <alignment>0x4</alignment>
         <input_file_ref idref="fl-10d"/>
      </object_component>
      <object_component id="oc-1b5">
         <name>.text.memccpy</name>
         <load_address>0x3048</load_address>
         <readonly>true</readonly>
         <executable>true</executable>
         <run_address>0x3048</run_address>
         <size>0x22</size>
         <alignment>0x2</alignment>
         <input_file_ref idref="fl-46"/>
      </object_component>
      <object_component id="oc-174">
         <name>.text.DL_GPIO_initPeripheralInputFunction</name>
         <load_address>0x306c</load_address>
         <readonly>true</readonly>
         <executable>true</executable>
         <run_address>0x306c</run_address>
         <size>0x20</size>
         <alignment>0x4</alignment>
         <input_file_ref idref="fl-2"/>
      </object_component>
      <object_component id="oc-c8">
         <name>.text.GFP_abs</name>
         <load_address>0x308c</load_address>
         <readonly>true</readonly>
         <executable>true</executable>
         <run_address>0x308c</run_address>
         <size>0x20</size>
         <alignment>0x2</alignment>
         <input_file_ref idref="fl-4"/>
      </object_component>
      <object_component id="oc-197">
         <name>.text.DL_UART_setOversampling</name>
         <load_address>0x30ac</load_address>
         <readonly>true</readonly>
         <executable>true</executable>
         <run_address>0x30ac</run_address>
         <size>0x1e</size>
         <alignment>0x2</alignment>
         <input_file_ref idref="fl-2"/>
      </object_component>
      <object_component id="oc-229">
         <name>.text.__ashldi3</name>
         <load_address>0x30cc</load_address>
         <readonly>true</readonly>
         <executable>true</executable>
         <run_address>0x30cc</run_address>
         <size>0x1e</size>
         <alignment>0x4</alignment>
         <input_file_ref idref="fl-118"/>
      </object_component>
      <object_component id="oc-172">
         <name>.text.DL_GPIO_initPeripheralOutputFunction</name>
         <load_address>0x30ec</load_address>
         <readonly>true</readonly>
         <executable>true</executable>
         <run_address>0x30ec</run_address>
         <size>0x1c</size>
         <alignment>0x4</alignment>
         <input_file_ref idref="fl-2"/>
      </object_component>
      <object_component id="oc-17e">
         <name>.text.DL_SYSCTL_setMCLKDivider</name>
         <load_address>0x3108</load_address>
         <readonly>true</readonly>
         <executable>true</executable>
         <run_address>0x3108</run_address>
         <size>0x1c</size>
         <alignment>0x4</alignment>
         <input_file_ref idref="fl-2"/>
      </object_component>
      <object_component id="oc-17a">
         <name>.text.DL_SYSCTL_setSYSOSCFreq</name>
         <load_address>0x3124</load_address>
         <readonly>true</readonly>
         <executable>true</executable>
         <run_address>0x3124</run_address>
         <size>0x1c</size>
         <alignment>0x4</alignment>
         <input_file_ref idref="fl-2"/>
      </object_component>
      <object_component id="oc-17d">
         <name>.text.DL_SYSCTL_setULPCLKDivider</name>
         <load_address>0x3140</load_address>
         <readonly>true</readonly>
         <executable>true</executable>
         <run_address>0x3140</run_address>
         <size>0x1c</size>
         <alignment>0x4</alignment>
         <input_file_ref idref="fl-2"/>
      </object_component>
      <object_component id="oc-18a">
         <name>.text.DL_Timer_enableInterrupt</name>
         <load_address>0x315c</load_address>
         <readonly>true</readonly>
         <executable>true</executable>
         <run_address>0x315c</run_address>
         <size>0x1c</size>
         <alignment>0x4</alignment>
         <input_file_ref idref="fl-2"/>
      </object_component>
      <object_component id="oc-183">
         <name>.text.DL_Timer_setCaptCompUpdateMethod</name>
         <load_address>0x3178</load_address>
         <readonly>true</readonly>
         <executable>true</executable>
         <run_address>0x3178</run_address>
         <size>0x1c</size>
         <alignment>0x4</alignment>
         <input_file_ref idref="fl-19"/>
      </object_component>
      <object_component id="oc-17f">
         <name>.text.DL_Timer_setClockConfig</name>
         <load_address>0x3194</load_address>
         <readonly>true</readonly>
         <executable>true</executable>
         <run_address>0x3194</run_address>
         <size>0x1c</size>
         <alignment>0x4</alignment>
         <input_file_ref idref="fl-19"/>
      </object_component>
      <object_component id="oc-199">
         <name>.text.DL_UART_enableInterrupt</name>
         <load_address>0x31b0</load_address>
         <readonly>true</readonly>
         <executable>true</executable>
         <run_address>0x31b0</run_address>
         <size>0x1c</size>
         <alignment>0x4</alignment>
         <input_file_ref idref="fl-2"/>
      </object_component>
      <object_component id="oc-34">
         <name>.text.SysTick_Handler</name>
         <load_address>0x31cc</load_address>
         <readonly>true</readonly>
         <executable>true</executable>
         <run_address>0x31cc</run_address>
         <size>0x1c</size>
         <alignment>0x4</alignment>
         <input_file_ref idref="fl-8"/>
      </object_component>
      <object_component id="oc-16d">
         <name>.text.DL_ADC12_enablePower</name>
         <load_address>0x31e8</load_address>
         <readonly>true</readonly>
         <executable>true</executable>
         <run_address>0x31e8</run_address>
         <size>0x18</size>
         <alignment>0x4</alignment>
         <input_file_ref idref="fl-2"/>
      </object_component>
      <object_component id="oc-169">
         <name>.text.DL_ADC12_reset</name>
         <load_address>0x3200</load_address>
         <readonly>true</readonly>
         <executable>true</executable>
         <run_address>0x3200</run_address>
         <size>0x18</size>
         <alignment>0x4</alignment>
         <input_file_ref idref="fl-2"/>
      </object_component>
      <object_component id="oc-173">
         <name>.text.DL_GPIO_enableOutput</name>
         <load_address>0x3218</load_address>
         <readonly>true</readonly>
         <executable>true</executable>
         <run_address>0x3218</run_address>
         <size>0x18</size>
         <alignment>0x4</alignment>
         <input_file_ref idref="fl-2"/>
      </object_component>
      <object_component id="oc-16a">
         <name>.text.DL_GPIO_enablePower</name>
         <load_address>0x3230</load_address>
         <readonly>true</readonly>
         <executable>true</executable>
         <run_address>0x3230</run_address>
         <size>0x18</size>
         <alignment>0x4</alignment>
         <input_file_ref idref="fl-2"/>
      </object_component>
      <object_component id="oc-176">
         <name>.text.DL_GPIO_initDigitalOutput</name>
         <load_address>0x3248</load_address>
         <readonly>true</readonly>
         <executable>true</executable>
         <run_address>0x3248</run_address>
         <size>0x18</size>
         <alignment>0x4</alignment>
         <input_file_ref idref="fl-2"/>
      </object_component>
      <object_component id="oc-166">
         <name>.text.DL_GPIO_reset</name>
         <load_address>0x3260</load_address>
         <readonly>true</readonly>
         <executable>true</executable>
         <run_address>0x3260</run_address>
         <size>0x18</size>
         <alignment>0x4</alignment>
         <input_file_ref idref="fl-2"/>
      </object_component>
      <object_component id="oc-c6">
         <name>.text.DL_GPIO_setPins</name>
         <load_address>0x3278</load_address>
         <readonly>true</readonly>
         <executable>true</executable>
         <run_address>0x3278</run_address>
         <size>0x18</size>
         <alignment>0x4</alignment>
         <input_file_ref idref="fl-4"/>
      </object_component>
      <object_component id="oc-179">
         <name>.text.DL_SYSCTL_setBORThreshold</name>
         <load_address>0x3290</load_address>
         <readonly>true</readonly>
         <executable>true</executable>
         <run_address>0x3290</run_address>
         <size>0x18</size>
         <alignment>0x4</alignment>
         <input_file_ref idref="fl-2"/>
      </object_component>
      <object_component id="oc-16b">
         <name>.text.DL_Timer_enablePower</name>
         <load_address>0x32a8</load_address>
         <readonly>true</readonly>
         <executable>true</executable>
         <run_address>0x32a8</run_address>
         <size>0x18</size>
         <alignment>0x4</alignment>
         <input_file_ref idref="fl-2"/>
      </object_component>
      <object_component id="oc-186">
         <name>.text.DL_Timer_enableShadowFeatures</name>
         <load_address>0x32c0</load_address>
         <readonly>true</readonly>
         <executable>true</executable>
         <run_address>0x32c0</run_address>
         <size>0x18</size>
         <alignment>0x4</alignment>
         <input_file_ref idref="fl-2"/>
      </object_component>
      <object_component id="oc-167">
         <name>.text.DL_Timer_reset</name>
         <load_address>0x32d8</load_address>
         <readonly>true</readonly>
         <executable>true</executable>
         <run_address>0x32d8</run_address>
         <size>0x18</size>
         <alignment>0x4</alignment>
         <input_file_ref idref="fl-2"/>
      </object_component>
      <object_component id="oc-182">
         <name>.text.DL_Timer_setCaptureCompareOutCtl</name>
         <load_address>0x32f0</load_address>
         <readonly>true</readonly>
         <executable>true</executable>
         <run_address>0x32f0</run_address>
         <size>0x18</size>
         <alignment>0x4</alignment>
         <input_file_ref idref="fl-19"/>
      </object_component>
      <object_component id="oc-e6">
         <name>.text.DL_Timer_startCounter</name>
         <load_address>0x3308</load_address>
         <readonly>true</readonly>
         <executable>true</executable>
         <run_address>0x3308</run_address>
         <size>0x18</size>
         <alignment>0x4</alignment>
         <input_file_ref idref="fl-1"/>
      </object_component>
      <object_component id="oc-13a">
         <name>.text.DL_Timer_startCounter</name>
         <load_address>0x3320</load_address>
         <readonly>true</readonly>
         <executable>true</executable>
         <run_address>0x3320</run_address>
         <size>0x18</size>
         <alignment>0x4</alignment>
         <input_file_ref idref="fl-6"/>
      </object_component>
      <object_component id="oc-e8">
         <name>.text.DL_Timer_stopCounter</name>
         <load_address>0x3338</load_address>
         <readonly>true</readonly>
         <executable>true</executable>
         <run_address>0x3338</run_address>
         <size>0x18</size>
         <alignment>0x4</alignment>
         <input_file_ref idref="fl-1"/>
      </object_component>
      <object_component id="oc-16c">
         <name>.text.DL_UART_enablePower</name>
         <load_address>0x3350</load_address>
         <readonly>true</readonly>
         <executable>true</executable>
         <run_address>0x3350</run_address>
         <size>0x18</size>
         <alignment>0x4</alignment>
         <input_file_ref idref="fl-2"/>
      </object_component>
      <object_component id="oc-10a">
         <name>.text.DL_UART_isBusy</name>
         <load_address>0x3368</load_address>
         <readonly>true</readonly>
         <executable>true</executable>
         <run_address>0x3368</run_address>
         <size>0x18</size>
         <alignment>0x4</alignment>
         <input_file_ref idref="fl-5"/>
      </object_component>
      <object_component id="oc-168">
         <name>.text.DL_UART_reset</name>
         <load_address>0x3380</load_address>
         <readonly>true</readonly>
         <executable>true</executable>
         <run_address>0x3380</run_address>
         <size>0x18</size>
         <alignment>0x4</alignment>
         <input_file_ref idref="fl-2"/>
      </object_component>
      <object_component id="oc-106">
         <name>.text._outs</name>
         <load_address>0x3398</load_address>
         <readonly>true</readonly>
         <executable>true</executable>
         <run_address>0x3398</run_address>
         <size>0x18</size>
         <alignment>0x2</alignment>
         <input_file_ref idref="fl-31"/>
      </object_component>
      <object_component id="oc-1a4">
         <name>.text.DL_ADC12_enableConversions</name>
         <load_address>0x33b0</load_address>
         <readonly>true</readonly>
         <executable>true</executable>
         <run_address>0x33b0</run_address>
         <size>0x16</size>
         <alignment>0x2</alignment>
         <input_file_ref idref="fl-2"/>
      </object_component>
      <object_component id="oc-13c">
         <name>.text.DL_GPIO_readPins</name>
         <load_address>0x33c6</load_address>
         <readonly>true</readonly>
         <executable>true</executable>
         <run_address>0x33c6</run_address>
         <size>0x16</size>
         <alignment>0x2</alignment>
         <input_file_ref idref="fl-4"/>
      </object_component>
      <object_component id="oc-19a">
         <name>.text.DL_UART_enable</name>
         <load_address>0x33dc</load_address>
         <readonly>true</readonly>
         <executable>true</executable>
         <run_address>0x33dc</run_address>
         <size>0x16</size>
         <alignment>0x2</alignment>
         <input_file_ref idref="fl-2"/>
      </object_component>
      <object_component id="oc-67">
         <name>.text.DL_UART_transmitData</name>
         <load_address>0x33f2</load_address>
         <readonly>true</readonly>
         <executable>true</executable>
         <run_address>0x33f2</run_address>
         <size>0x16</size>
         <alignment>0x2</alignment>
         <input_file_ref idref="fl-5"/>
      </object_component>
      <object_component id="oc-d2">
         <name>.text.pid_set_target</name>
         <load_address>0x3408</load_address>
         <readonly>true</readonly>
         <executable>true</executable>
         <run_address>0x3408</run_address>
         <size>0x16</size>
         <alignment>0x2</alignment>
         <input_file_ref idref="fl-7"/>
      </object_component>
      <object_component id="oc-52">
         <name>.text:decompress:ZI:__TI_zero_init_nomemset</name>
         <load_address>0x341e</load_address>
         <readonly>true</readonly>
         <executable>true</executable>
         <run_address>0x341e</run_address>
         <size>0x16</size>
         <alignment>0x2</alignment>
         <input_file_ref idref="fl-37"/>
      </object_component>
      <object_component id="oc-c7">
         <name>.text.DL_GPIO_clearPins</name>
         <load_address>0x3434</load_address>
         <readonly>true</readonly>
         <executable>true</executable>
         <run_address>0x3434</run_address>
         <size>0x14</size>
         <alignment>0x2</alignment>
         <input_file_ref idref="fl-4"/>
      </object_component>
      <object_component id="oc-178">
         <name>.text.DL_GPIO_clearPins</name>
         <load_address>0x3448</load_address>
         <readonly>true</readonly>
         <executable>true</executable>
         <run_address>0x3448</run_address>
         <size>0x14</size>
         <alignment>0x2</alignment>
         <input_file_ref idref="fl-2"/>
      </object_component>
      <object_component id="oc-17c">
         <name>.text.DL_SYSCTL_disableSYSPLL</name>
         <load_address>0x345c</load_address>
         <readonly>true</readonly>
         <executable>true</executable>
         <run_address>0x345c</run_address>
         <size>0x14</size>
         <alignment>0x4</alignment>
         <input_file_ref idref="fl-2"/>
      </object_component>
      <object_component id="oc-184">
         <name>.text.DL_Timer_enableClock</name>
         <load_address>0x3470</load_address>
         <readonly>true</readonly>
         <executable>true</executable>
         <run_address>0x3470</run_address>
         <size>0x14</size>
         <alignment>0x4</alignment>
         <input_file_ref idref="fl-2"/>
      </object_component>
      <object_component id="oc-185">
         <name>.text.DL_Timer_setCCPDirection</name>
         <load_address>0x3484</load_address>
         <readonly>true</readonly>
         <executable>true</executable>
         <run_address>0x3484</run_address>
         <size>0x14</size>
         <alignment>0x2</alignment>
         <input_file_ref idref="fl-2"/>
      </object_component>
      <object_component id="oc-65">
         <name>.text.DL_UART_receiveData</name>
         <load_address>0x3498</load_address>
         <readonly>true</readonly>
         <executable>true</executable>
         <run_address>0x3498</run_address>
         <size>0x14</size>
         <alignment>0x4</alignment>
         <input_file_ref idref="fl-5"/>
      </object_component>
      <object_component id="oc-1d2">
         <name>.text.__aeabi_uldivmod</name>
         <load_address>0x34ac</load_address>
         <readonly>true</readonly>
         <executable>true</executable>
         <run_address>0x34ac</run_address>
         <size>0x14</size>
         <alignment>0x4</alignment>
         <input_file_ref idref="fl-115"/>
      </object_component>
      <object_component id="oc-217">
         <name>.text.strchr</name>
         <load_address>0x34c0</load_address>
         <readonly>true</readonly>
         <executable>true</executable>
         <run_address>0x34c0</run_address>
         <size>0x14</size>
         <alignment>0x2</alignment>
         <input_file_ref idref="fl-3a"/>
      </object_component>
      <object_component id="oc-190">
         <name>.text.DL_UART_setClockConfig</name>
         <load_address>0x34d4</load_address>
         <readonly>true</readonly>
         <executable>true</executable>
         <run_address>0x34d4</run_address>
         <size>0x12</size>
         <alignment>0x2</alignment>
         <input_file_ref idref="fl-1a"/>
      </object_component>
      <object_component id="oc-d3">
         <name>.text:TI_memcpy_small</name>
         <load_address>0x34e6</load_address>
         <readonly>true</readonly>
         <executable>true</executable>
         <run_address>0x34e6</run_address>
         <size>0x12</size>
         <alignment>0x1</alignment>
         <input_file_ref idref="fl-11c"/>
      </object_component>
      <object_component id="oc-20">
         <name>.text:decompress:none</name>
         <load_address>0x34f8</load_address>
         <readonly>true</readonly>
         <executable>true</executable>
         <run_address>0x34f8</run_address>
         <size>0x12</size>
         <alignment>0x2</alignment>
         <input_file_ref idref="fl-38"/>
      </object_component>
      <object_component id="oc-17b">
         <name>.text.DL_SYSCTL_disableHFXT</name>
         <load_address>0x350c</load_address>
         <readonly>true</readonly>
         <executable>true</executable>
         <run_address>0x350c</run_address>
         <size>0x10</size>
         <alignment>0x4</alignment>
         <input_file_ref idref="fl-2"/>
      </object_component>
      <object_component id="oc-c9">
         <name>.text.DL_Timer_setCaptureCompareValue</name>
         <load_address>0x351c</load_address>
         <readonly>true</readonly>
         <executable>true</executable>
         <run_address>0x351c</run_address>
         <size>0x10</size>
         <alignment>0x4</alignment>
         <input_file_ref idref="fl-19"/>
      </object_component>
      <object_component id="oc-3f">
         <name>.text.TIMA0_IRQHandler</name>
         <load_address>0x352c</load_address>
         <readonly>true</readonly>
         <executable>true</executable>
         <run_address>0x352c</run_address>
         <size>0x10</size>
         <alignment>0x4</alignment>
         <input_file_ref idref="fl-5"/>
      </object_component>
      <object_component id="oc-1c4">
         <name>.text.wcslen</name>
         <load_address>0x353c</load_address>
         <readonly>true</readonly>
         <executable>true</executable>
         <run_address>0x353c</run_address>
         <size>0x10</size>
         <alignment>0x2</alignment>
         <input_file_ref idref="fl-3d"/>
      </object_component>
      <object_component id="oc-1b4">
         <name>.text.__aeabi_memset</name>
         <load_address>0x354c</load_address>
         <readonly>true</readonly>
         <executable>true</executable>
         <run_address>0x354c</run_address>
         <size>0xe</size>
         <alignment>0x4</alignment>
         <input_file_ref idref="fl-113"/>
      </object_component>
      <object_component id="oc-1b3">
         <name>.text.strlen</name>
         <load_address>0x355a</load_address>
         <readonly>true</readonly>
         <executable>true</executable>
         <run_address>0x355a</run_address>
         <size>0xe</size>
         <alignment>0x2</alignment>
         <input_file_ref idref="fl-3a"/>
      </object_component>
      <object_component id="oc-126">
         <name>.text:TI_memset_small</name>
         <load_address>0x3568</load_address>
         <readonly>true</readonly>
         <executable>true</executable>
         <run_address>0x3568</run_address>
         <size>0xe</size>
         <alignment>0x1</alignment>
         <input_file_ref idref="fl-11d"/>
      </object_component>
      <object_component id="oc-88">
         <name>.text.__aeabi_memclr</name>
         <load_address>0x3578</load_address>
         <readonly>true</readonly>
         <executable>true</executable>
         <run_address>0x3578</run_address>
         <size>0xc</size>
         <alignment>0x4</alignment>
         <input_file_ref idref="fl-113"/>
      </object_component>
      <object_component id="oc-16e">
         <name>.text.DL_Common_delayCycles</name>
         <load_address>0x3584</load_address>
         <readonly>true</readonly>
         <executable>true</executable>
         <run_address>0x3584</run_address>
         <size>0xa</size>
         <alignment>0x2</alignment>
         <input_file_ref idref="fl-18"/>
      </object_component>
      <object_component id="oc-212">
         <name>.text.OUTLINED_FUNCTION_0</name>
         <load_address>0x358e</load_address>
         <readonly>true</readonly>
         <executable>true</executable>
         <run_address>0x358e</run_address>
         <size>0xa</size>
         <alignment>0x2</alignment>
         <input_file_ref idref="fl-3a"/>
      </object_component>
      <object_component id="oc-289">
         <name>.tramp.__aeabi_dsub.1</name>
         <load_address>0x3598</load_address>
         <readonly>true</readonly>
         <executable>true</executable>
         <run_address>0x3598</run_address>
         <size>0x10</size>
         <alignment>0x4</alignment>
         <input_file_ref idref="fl-101"/>
      </object_component>
      <object_component id="oc-224">
         <name>.text.OUTLINED_FUNCTION_1</name>
         <load_address>0x35a8</load_address>
         <readonly>true</readonly>
         <executable>true</executable>
         <run_address>0x35a8</run_address>
         <size>0xa</size>
         <alignment>0x2</alignment>
         <input_file_ref idref="fl-3a"/>
      </object_component>
      <object_component id="oc-107">
         <name>.text._outc</name>
         <load_address>0x35b2</load_address>
         <readonly>true</readonly>
         <executable>true</executable>
         <run_address>0x35b2</run_address>
         <size>0xa</size>
         <alignment>0x2</alignment>
         <input_file_ref idref="fl-31"/>
      </object_component>
      <object_component id="oc-1c8">
         <name>.text.__aeabi_errno_addr</name>
         <load_address>0x35bc</load_address>
         <readonly>true</readonly>
         <executable>true</executable>
         <run_address>0x35bc</run_address>
         <size>0x8</size>
         <alignment>0x4</alignment>
         <input_file_ref idref="fl-3e"/>
      </object_component>
      <object_component id="oc-4b">
         <name>.text.__aeabi_memcpy</name>
         <load_address>0x35c4</load_address>
         <readonly>true</readonly>
         <executable>true</executable>
         <run_address>0x35c4</run_address>
         <size>0x8</size>
[...]
      <symbol id="sm-1a9">
         <name>delay_times</name>
         <value>0x20200248</value>
         <object_component_ref idref="oc-62"/>
      </symbol>
      <symbol id="sm-1aa">
         <name>SysTick_Handler</name>
         <value>0x31cd</value>
         <object_component_ref idref="oc-34"/>
      </symbol>
      <symbol id="sm-1b5">
         <name>myabs</name>
         <value>0x2efd</value>
         <object_component_ref idref="oc-af"/>
      </symbol>
      <symbol id="sm-1b6">
         <name>limit</name>
         <value>0x261b</value>
         <object_component_ref idref="oc-c0"/>
      </symbol>
      <symbol id="sm-1b7">
         <name>__TI_ATRegion0_src_addr</name>
         <value>0x0</value>
      </symbol>
      <symbol id="sm-1b8">
         <name>__TI_ATRegion0_trg_addr</name>
         <value>0x0</value>
      </symbol>
      <symbol id="sm-1b9">
         <name>__TI_ATRegion0_region_sz</name>
         <value>0x0</value>
      </symbol>
      <symbol id="sm-1ba">
         <name>__TI_ATRegion1_src_addr</name>
         <value>0x0</value>
      </symbol>
      <symbol id="sm-1bb">
         <name>__TI_ATRegion1_trg_addr</name>
         <value>0x0</value>
      </symbol>
      <symbol id="sm-1bc">
         <name>__TI_ATRegion1_region_sz</name>
         <value>0x0</value>
      </symbol>
      <symbol id="sm-1bd">
         <name>__TI_ATRegion2_src_addr</name>
         <value>0x0</value>
      </symbol>
      <symbol id="sm-1be">
         <name>__TI_ATRegion2_trg_addr</name>
         <value>0x0</value>
      </symbol>
      <symbol id="sm-1bf">
         <name>__TI_ATRegion2_region_sz</name>
         <value>0x0</value>
      </symbol>
      <symbol id="sm-1ca">
         <name>DL_ADC12_setClockConfig</name>
         <value>0x2a05</value>
         <object_component_ref idref="oc-19d"/>
      </symbol>
      <symbol id="sm-1d3">
         <name>DL_Common_delayCycles</name>
         <value>0x3585</value>
         <object_component_ref idref="oc-16e"/>
      </symbol>
      <symbol id="sm-1ef">
         <name>DL_Timer_setClockConfig</name>
         <value>0x3195</value>
         <object_component_ref idref="oc-17f"/>
      </symbol>
      <symbol id="sm-1f0">
         <name>DL_Timer_initTimerMode</name>
         <value>0x1821</value>
         <object_component_ref idref="oc-189"/>
      </symbol>
      <symbol id="sm-1f1">
         <name>DL_Timer_setCaptureCompareValue</name>
         <value>0x351d</value>
         <object_component_ref idref="oc-c9"/>
      </symbol>
      <symbol id="sm-1f2">
         <name>DL_Timer_setCaptCompUpdateMethod</name>
         <value>0x3179</value>
         <object_component_ref idref="oc-183"/>
      </symbol>
      <symbol id="sm-1f3">
         <name>DL_Timer_setCaptureCompareOutCtl</name>
         <value>0x32f1</value>
         <object_component_ref idref="oc-182"/>
      </symbol>
      <symbol id="sm-1f4">
         <name>DL_Timer_initFourCCPWMMode</name>
         <value>0x1521</value>
         <object_component_ref idref="oc-180"/>
      </symbol>
      <symbol id="sm-201">
         <name>DL_UART_init</name>
         <value>0x29bd</value>
         <object_component_ref idref="oc-196"/>
      </symbol>
      <symbol id="sm-202">
         <name>DL_UART_setClockConfig</name>
         <value>0x34d5</value>
         <object_component_ref idref="oc-190"/>
      </symbol>
      <symbol id="sm-213">
         <name>vsprintf</name>
         <value>0x2f55</value>
         <object_component_ref idref="oc-a0"/>
      </symbol>
      <symbol id="sm-21e">
         <name>_c_int00_noargs</name>
         <value>0x2ffd</value>
         <object_component_ref idref="oc-5b"/>
      </symbol>
      <symbol id="sm-21f">
         <name>__stack</name>
         <value>0x20207e00</value>
         <object_component_ref idref="oc-1a"/>
      </symbol>
      <symbol id="sm-22b">
         <name>__TI_auto_init_nobinit_nopinit</name>
         <value>0x2c35</value>
         <object_component_ref idref="oc-f3"/>
      </symbol>
      <symbol id="sm-233">
         <name>_system_pre_init</name>
         <value>0x35df</value>
         <object_component_ref idref="oc-8d"/>
      </symbol>
      <symbol id="sm-23e">
         <name>__TI_zero_init_nomemset</name>
         <value>0x341f</value>
         <object_component_ref idref="oc-52"/>
      </symbol>
      <symbol id="sm-247">
         <name>__TI_decompress_none</name>
         <value>0x34f9</value>
         <object_component_ref idref="oc-20"/>
      </symbol>
      <symbol id="sm-252">
         <name>__TI_decompress_lzss</name>
         <value>0x22a9</value>
         <object_component_ref idref="oc-1c"/>
      </symbol>
      <symbol id="sm-29b">
         <name>__TI_printfi</name>
         <value>0xc1</value>
         <object_component_ref idref="oc-159"/>
      </symbol>
      <symbol id="sm-2a5">
         <name>frexp</name>
         <value>0x267d</value>
         <object_component_ref idref="oc-1fe"/>
      </symbol>
      <symbol id="sm-2a6">
         <name>frexpl</name>
         <value>0x267d</value>
         <object_component_ref idref="oc-1fe"/>
      </symbol>
      <symbol id="sm-2b0">
         <name>scalbn</name>
         <value>0x19ed</value>
         <object_component_ref idref="oc-202"/>
      </symbol>
      <symbol id="sm-2b1">
         <name>ldexp</name>
         <value>0x19ed</value>
         <object_component_ref idref="oc-202"/>
      </symbol>
      <symbol id="sm-2b2">
         <name>scalbnl</name>
         <value>0x19ed</value>
         <object_component_ref idref="oc-202"/>
      </symbol>
      <symbol id="sm-2b3">
         <name>ldexpl</name>
         <value>0x19ed</value>
         <object_component_ref idref="oc-202"/>
      </symbol>
      <symbol id="sm-2bc">
         <name>wcslen</name>
         <value>0x353d</value>
         <object_component_ref idref="oc-1c4"/>
      </symbol>
      <symbol id="sm-2c7">
         <name>__aeabi_errno_addr</name>
         <value>0x35bd</value>
         <object_component_ref idref="oc-1c8"/>
      </symbol>
      <symbol id="sm-2c8">
         <name>__aeabi_errno</name>
         <value>0x20200244</value>
         <object_component_ref idref="oc-1f4"/>
      </symbol>
      <symbol id="sm-2d2">
         <name>abort</name>
         <value>0x35cd</value>
         <object_component_ref idref="oc-ec"/>
      </symbol>
      <symbol id="sm-2dc">
         <name>__TI_ltoa</name>
         <value>0x26d9</value>
         <object_component_ref idref="oc-20a"/>
      </symbol>
      <symbol id="sm-2e8">
         <name>atoi</name>
         <value>0x2b05</value>
         <object_component_ref idref="oc-1c0"/>
      </symbol>
      <symbol id="sm-2f2">
         <name>memccpy</name>
         <value>0x3049</value>
         <object_component_ref idref="oc-1b5"/>
      </symbol>
      <symbol id="sm-2f9">
         <name>__aeabi_ctype_table_</name>
         <value>0x35f0</value>
         <object_component_ref idref="oc-1ed"/>
      </symbol>
      <symbol id="sm-2fa">
         <name>__aeabi_ctype_table_C</name>
         <value>0x35f0</value>
         <object_component_ref idref="oc-1ed"/>
      </symbol>
      <symbol id="sm-305">
         <name>HOSTexit</name>
         <value>0x35d7</value>
         <object_component_ref idref="oc-142"/>
      </symbol>
      <symbol id="sm-306">
         <name>C$$EXIT</name>
         <value>0x35d6</value>
         <object_component_ref idref="oc-142"/>
      </symbol>
      <symbol id="sm-31b">
         <name>__aeabi_fadd</name>
         <value>0x1acf</value>
         <object_component_ref idref="oc-72"/>
      </symbol>
      <symbol id="sm-31c">
         <name>__addsf3</name>
         <value>0x1acf</value>
         <object_component_ref idref="oc-72"/>
      </symbol>
      <symbol id="sm-31d">
         <name>__aeabi_fsub</name>
         <value>0x1ac5</value>
         <object_component_ref idref="oc-72"/>
      </symbol>
      <symbol id="sm-31e">
         <name>__subsf3</name>
         <value>0x1ac5</value>
         <object_component_ref idref="oc-72"/>
      </symbol>
      <symbol id="sm-324">
         <name>__aeabi_dadd</name>
         <value>0x102f</value>
         <object_component_ref idref="oc-21f"/>
      </symbol>
      <symbol id="sm-325">
         <name>__adddf3</name>
         <value>0x102f</value>
         <object_component_ref idref="oc-21f"/>
      </symbol>
      <symbol id="sm-326">
         <name>__aeabi_dsub</name>
         <value>0x1025</value>
         <object_component_ref idref="oc-21f"/>
      </symbol>
      <symbol id="sm-327">
         <name>__subdf3</name>
         <value>0x1025</value>
         <object_component_ref idref="oc-21f"/>
      </symbol>
      <symbol id="sm-330">
         <name>__aeabi_dmul</name>
         <value>0x1909</value>
         <object_component_ref idref="oc-213"/>
      </symbol>
      <symbol id="sm-331">
         <name>__muldf3</name>
         <value>0x1909</value>
         <object_component_ref idref="oc-213"/>
      </symbol>
      <symbol id="sm-337">
         <name>__muldsi3</name>
         <value>0x2cad</value>
         <object_component_ref idref="oc-10b"/>
      </symbol>
      <symbol id="sm-33d">
         <name>__aeabi_fmul</name>
         <value>0x2091</value>
         <object_component_ref idref="oc-ab"/>
      </symbol>
      <symbol id="sm-33e">
         <name>__mulsf3</name>
         <value>0x2091</value>
         <object_component_ref idref="oc-ab"/>
      </symbol>
      <symbol id="sm-344">
         <name>__aeabi_fdiv</name>
         <value>0x2225</value>
         <object_component_ref idref="oc-b8"/>
      </symbol>
      <symbol id="sm-345">
         <name>__divsf3</name>
         <value>0x2225</value>
         <object_component_ref idref="oc-b8"/>
      </symbol>
      <symbol id="sm-34b">
         <name>__aeabi_ddiv</name>
         <value>0x1415</value>
         <object_component_ref idref="oc-21b"/>
      </symbol>
      <symbol id="sm-34c">
         <name>__divdf3</name>
         <value>0x1415</value>
         <object_component_ref idref="oc-21b"/>
      </symbol>
      <symbol id="sm-352">
         <name>__aeabi_f2d</name>
         <value>0x2ac5</value>
         <object_component_ref idref="oc-bc"/>
      </symbol>
      <symbol id="sm-353">
         <name>__extendsfdf2</name>
         <value>0x2ac5</value>
         <object_component_ref idref="oc-bc"/>
      </symbol>
      <symbol id="sm-359">
         <name>__aeabi_d2iz</name>
         <value>0x2971</value>
         <object_component_ref idref="oc-206"/>
      </symbol>
      <symbol id="sm-35a">
         <name>__fixdfsi</name>
         <value>0x2971</value>
         <object_component_ref idref="oc-206"/>
      </symbol>
      <symbol id="sm-360">
         <name>__aeabi_f2iz</name>
         <value>0x2d21</value>
         <object_component_ref idref="oc-76"/>
      </symbol>
      <symbol id="sm-361">
         <name>__fixsfsi</name>
         <value>0x2d21</value>
         <object_component_ref idref="oc-76"/>
      </symbol>
      <symbol id="sm-367">
         <name>__aeabi_i2d</name>
         <value>0x2ed1</value>
         <object_component_ref idref="oc-20e"/>
      </symbol>
      <symbol id="sm-368">
         <name>__floatsidf</name>
         <value>0x2ed1</value>
         <object_component_ref idref="oc-20e"/>
      </symbol>
      <symbol id="sm-36e">
         <name>__aeabi_i2f</name>
         <value>0x2bbd</value>
         <object_component_ref idref="oc-7a"/>
      </symbol>
      <symbol id="sm-36f">
         <name>__floatsisf</name>
         <value>0x2bbd</value>
         <object_component_ref idref="oc-7a"/>
      </symbol>
      <symbol id="sm-375">
         <name>__aeabi_ui2f</name>
         <value>0x2fd5</value>
         <object_component_ref idref="oc-13e"/>
      </symbol>
      <symbol id="sm-376">
         <name>__floatunsisf</name>
         <value>0x2fd5</value>
         <object_component_ref idref="oc-13e"/>
      </symbol>
      <symbol id="sm-37c">
         <name>__aeabi_lmul</name>
         <value>0x3025</value>
         <object_component_ref idref="oc-1cd"/>
      </symbol>
      <symbol id="sm-37d">
         <name>__muldi3</name>
         <value>0x3025</value>
         <object_component_ref idref="oc-1cd"/>
      </symbol>
      <symbol id="sm-384">
         <name>__aeabi_d2f</name>
         <value>0x2411</value>
         <object_component_ref idref="oc-11f"/>
      </symbol>
      <symbol id="sm-385">
         <name>__truncdfsf2</name>
         <value>0x2411</value>
         <object_component_ref idref="oc-11f"/>
      </symbol>
      <symbol id="sm-38b">
         <name>__aeabi_dcmpeq</name>
         <value>0x2555</value>
         <object_component_ref idref="oc-11b"/>
      </symbol>
      <symbol id="sm-38c">
         <name>__aeabi_dcmplt</name>
         <value>0x2569</value>
         <object_component_ref idref="oc-11b"/>
      </symbol>
      <symbol id="sm-38d">
         <name>__aeabi_dcmple</name>
         <value>0x257d</value>
         <object_component_ref idref="oc-11b"/>
      </symbol>
      <symbol id="sm-38e">
         <name>__aeabi_dcmpge</name>
         <value>0x2591</value>
         <object_component_ref idref="oc-11b"/>
      </symbol>
      <symbol id="sm-38f">
         <name>__aeabi_dcmpgt</name>
         <value>0x25a5</value>
         <object_component_ref idref="oc-11b"/>
      </symbol>
      <symbol id="sm-395">
         <name>__aeabi_fcmpeq</name>
         <value>0x25b9</value>
         <object_component_ref idref="oc-b4"/>
      </symbol>
      <symbol id="sm-396">
         <name>__aeabi_fcmplt</name>
         <value>0x25cd</value>
         <object_component_ref idref="oc-b4"/>
      </symbol>
      <symbol id="sm-397">
         <name>__aeabi_fcmple</name>
         <value>0x25e1</value>
         <object_component_ref idref="oc-b4"/>
      </symbol>
      <symbol id="sm-398">
         <name>__aeabi_fcmpge</name>
         <value>0x25f5</value>
         <object_component_ref idref="oc-b4"/>
      </symbol>
      <symbol id="sm-399">
         <name>__aeabi_fcmpgt</name>
         <value>0x2609</value>
         <object_component_ref idref="oc-b4"/>
      </symbol>
      <symbol id="sm-39f">
         <name>__aeabi_idiv</name>
         <value>0x2789</value>
         <object_component_ref idref="oc-235"/>
      </symbol>
      <symbol id="sm-3a0">
         <name>__aeabi_idivmod</name>
         <value>0x2789</value>
         <object_component_ref idref="oc-235"/>
      </symbol>
      <symbol id="sm-3a6">
         <name>__aeabi_memcpy</name>
         <value>0x35c5</value>
         <object_component_ref idref="oc-4b"/>
      </symbol>
      <symbol id="sm-3a7">
         <name>__aeabi_memcpy4</name>
         <value>0x35c5</value>
         <object_component_ref idref="oc-4b"/>
      </symbol>
      <symbol id="sm-3a8">
         <name>__aeabi_memcpy8</name>
         <value>0x35c5</value>
         <object_component_ref idref="oc-4b"/>
      </symbol>
      <symbol id="sm-3b1">
         <name>__aeabi_memset</name>
         <value>0x354d</value>
         <object_component_ref idref="oc-1b4"/>
      </symbol>
      <symbol id="sm-3b2">
         <name>__aeabi_memset4</name>
         <value>0x354d</value>
         <object_component_ref idref="oc-1b4"/>
      </symbol>
      <symbol id="sm-3b3">
         <name>__aeabi_memset8</name>
         <value>0x354d</value>
         <object_component_ref idref="oc-1b4"/>
      </symbol>
      <symbol id="sm-3b4">
         <name>__aeabi_memclr</name>
         <value>0x3579</value>
         <object_component_ref idref="oc-88"/>
      </symbol>
      <symbol id="sm-3b5">
         <name>__aeabi_memclr4</name>
         <value>0x3579</value>
         <object_component_ref idref="oc-88"/>
      </symbol>
      <symbol id="sm-3b6">
         <name>__aeabi_memclr8</name>
         <value>0x3579</value>
         <object_component_ref idref="oc-88"/>
      </symbol>
      <symbol id="sm-3bc">
         <name>__aeabi_uidiv</name>
         <value>0x2a85</value>
         <object_component_ref idref="oc-1ba"/>
      </symbol>
      <symbol id="sm-3bd">
         <name>__aeabi_uidivmod</name>
         <value>0x2a85</value>
         <object_component_ref idref="oc-1ba"/>
      </symbol>
      <symbol id="sm-3c3">
         <name>__aeabi_uldivmod</name>
         <value>0x34ad</value>
         <object_component_ref idref="oc-1d2"/>
      </symbol>
      <symbol id="sm-3cc">
         <name>__eqsf2</name>
         <value>0x2c71</value>
         <object_component_ref idref="oc-112"/>
      </symbol>
      <symbol id="sm-3cd">
         <name>__lesf2</name>
         <value>0x2c71</value>
         <object_component_ref idref="oc-112"/>
      </symbol>
      <symbol id="sm-3ce">
         <name>__ltsf2</name>
         <value>0x2c71</value>
         <object_component_ref idref="oc-112"/>
      </symbol>
      <symbol id="sm-3cf">
         <name>__nesf2</name>
         <value>0x2c71</value>
         <object_component_ref idref="oc-112"/>
      </symbol>
      <symbol id="sm-3d0">
         <name>__cmpsf2</name>
         <value>0x2c71</value>
         <object_component_ref idref="oc-112"/>
      </symbol>
      <symbol id="sm-3d1">
         <name>__gtsf2</name>
         <value>0x2bf9</value>
         <object_component_ref idref="oc-117"/>
      </symbol>
      <symbol id="sm-3d2">
         <name>__gesf2</name>
         <value>0x2bf9</value>
         <object_component_ref idref="oc-117"/>
      </symbol>
      <symbol id="sm-3d8">
         <name>__udivmoddi4</name>
         <value>0x1da5</value>
         <object_component_ref idref="oc-1f9"/>
      </symbol>
      <symbol id="sm-3de">
         <name>__aeabi_llsl</name>
         <value>0x30cd</value>
         <object_component_ref idref="oc-229"/>
      </symbol>
      <symbol id="sm-3df">
         <name>__ashldi3</name>
         <value>0x30cd</value>
         <object_component_ref idref="oc-229"/>
      </symbol>
      <symbol id="sm-3ed">
         <name>__ledf2</name>
         <value>0x2485</value>
         <object_component_ref idref="oc-15c"/>
      </symbol>
      <symbol id="sm-3ee">
         <name>__gedf2</name>
         <value>0x239d</value>
         <object_component_ref idref="oc-162"/>
      </symbol>
      <symbol id="sm-3ef">
         <name>__cmpdf2</name>
         <value>0x2485</value>
         <object_component_ref idref="oc-15c"/>
      </symbol>
      <symbol id="sm-3f0">
         <name>__eqdf2</name>
         <value>0x2485</value>
         <object_component_ref idref="oc-15c"/>
      </symbol>
      <symbol id="sm-3f1">
         <name>__ltdf2</name>
         <value>0x2485</value>
         <object_component_ref idref="oc-15c"/>
      </symbol>
      <symbol id="sm-3f2">
         <name>__nedf2</name>
         <value>0x2485</value>
         <object_component_ref idref="oc-15c"/>
      </symbol>
      <symbol id="sm-3f3">
         <name>__gtdf2</name>
         <value>0x239d</value>
         <object_component_ref idref="oc-162"/>
      </symbol>
      <symbol id="sm-3ff">
         <name>__aeabi_idiv0</name>
         <value>0x11b7</value>
         <object_component_ref idref="oc-1e7"/>
      </symbol>
      <symbol id="sm-400">
         <name>__aeabi_ldiv0</name>
         <value>0x1edf</value>
         <object_component_ref idref="oc-228"/>
      </symbol>
      <symbol id="sm-40a">
         <name>TI_memcpy_small</name>
         <value>0x34e7</value>
         <object_component_ref idref="oc-d3"/>
      </symbol>
      <symbol id="sm-413">
         <name>TI_memset_small</name>
         <value>0x3569</value>
         <object_component_ref idref="oc-126"/>
      </symbol>
      <symbol id="sm-414">
         <name>__TI_static_base__</name>
         <value>0x0</value>
      </symbol>
      <symbol id="sm-418">
         <name>__mpu_init</name>
         <value>0x0</value>
      </symbol>
      <symbol id="sm-419">
         <name>_system_post_cinit</name>
         <value>0x0</value>
      </symbol>
   </symbol_table>
   <title>Link successful</title>
</link_info>
